Component: ARM Compiler 6.16 Tool: armlink [5dfeaa00]

==============================================================================

Section Cross References

    main.o(.text.main) refers to queue.o(.text.xQueueGenericCreate) for xQueueGenericCreate
    main.o(.text.main) refers to main.o(.bss.xQueue1) for xQueue1
    main.o(.text.main) refers to main.o(.bss.xQueue2) for xQueue2
    main.o(.text.main) refers to main.o(.text.InitTask) for InitTask
    main.o(.text.main) refers to tasks.o(.text.xTaskCreate) for xTaskCreate
    main.o(.text.main) refers to main.o(.rodata.str1.1) for .L.str.1
    main.o(.text.main) refers to main.o(.text.UART_TASK) for UART_TASK
    main.o(.text.main) refers to main.o(.text.TASK1) for TASK1
    main.o(.text.main) refers to main.o(.text.TASK2) for TASK2
    main.o(.text.main) refers to tasks.o(.text.vTaskStartScheduler) for vTaskStartScheduler
    main.o(.ARM.exidx.text.main) refers to main.o(.text.main) for [Anonymous Symbol]
    main.o(.text.InitTask) refers to main.o(.text.UART_Init) for UART_Init
    main.o(.text.InitTask) refers to lcd.o(.text.LCD_init) for LCD_init
    main.o(.text.InitTask) refers to tasks.o(.text.vTaskSuspend) for vTaskSuspend
    main.o(.ARM.exidx.text.InitTask) refers to main.o(.text.InitTask) for [Anonymous Symbol]
    main.o(.text.UART_TASK) refers to main.o(.text.printStringUART) for printStringUART
    main.o(.text.UART_TASK) refers to main.o(.text.Read_Time) for Read_Time
    main.o(.text.UART_TASK) refers to main.o(.bss.xQueue2) for xQueue2
    main.o(.text.UART_TASK) refers to queue.o(.text.xQueueGenericSend) for xQueueGenericSend
    main.o(.text.UART_TASK) refers to main.o(.data.cities) for cities
    main.o(.text.UART_TASK) refers to main.o(.rodata.str1.1) for .L.str.7
    main.o(.text.UART_TASK) refers to uart.o(i.UARTCharPut) for UARTCharPut
    main.o(.text.UART_TASK) refers to uart.o(i.UARTCharGet) for UARTCharGet
    main.o(.text.UART_TASK) refers to main.o(.bss.currentCity) for currentCity
    main.o(.ARM.exidx.text.UART_TASK) refers to main.o(.text.UART_TASK) for [Anonymous Symbol]
    main.o(.text.TASK1) refers to main.o(.bss.xQueue2) for xQueue2
    main.o(.text.TASK1) refers to queue.o(.text.xQueueReceive) for xQueueReceive
    main.o(.text.TASK1) refers to main.o(.bss.xQueue1) for xQueue1
    main.o(.text.TASK1) refers to queue.o(.text.xQueueGenericSend) for xQueueGenericSend
    main.o(.text.TASK1) refers to tasks.o(.text.vTaskDelay) for vTaskDelay
    main.o(.ARM.exidx.text.TASK1) refers to main.o(.text.TASK1) for [Anonymous Symbol]
    main.o(.text.TASK2) refers to main.o(.bss.oldCityName) for oldCityName
    main.o(.text.TASK2) refers to strcat.o(.text) for strcat
    main.o(.text.TASK2) refers to strlen.o(.text) for strlen
    main.o(.text.TASK2) refers to lcd.o(.text.LCD_PrintLn) for LCD_PrintLn
    main.o(.text.TASK2) refers to main.o(.bss.xQueue1) for xQueue1
    main.o(.text.TASK2) refers to queue.o(.text.xQueueReceive) for xQueueReceive
    main.o(.text.TASK2) refers to main.o(.bss.currentCity) for currentCity
    main.o(.text.TASK2) refers to main.o(.data.timediff) for timediff
    main.o(.text.TASK2) refers to main.o(.data.cities) for cities
    main.o(.text.TASK2) refers to main.o(.text.itoa) for itoa
    main.o(.text.TASK2) refers to strcmpv7em.o(.text) for strcmp
    main.o(.text.TASK2) refers to strcpy.o(.text) for strcpy
    main.o(.text.TASK2) refers to lcd.o(.text.LCD_Clear) for LCD_Clear
    main.o(.ARM.exidx.text.TASK2) refers to main.o(.text.TASK2) for [Anonymous Symbol]
    main.o(.text.itoa) refers to main.o(.text.reverse) for reverse
    main.o(.ARM.exidx.text.itoa) refers to main.o(.text.itoa) for [Anonymous Symbol]
    main.o(.text.reverse) refers to strlen.o(.text) for strlen
    main.o(.ARM.exidx.text.reverse) refers to main.o(.text.reverse) for [Anonymous Symbol]
    main.o(.text.printStringUART) refers to uart.o(i.UARTCharPut) for UARTCharPut
    main.o(.ARM.exidx.text.printStringUART) refers to main.o(.text.printStringUART) for [Anonymous Symbol]
    main.o(.text.Read_Time) refers to main.o(.text.printStringUART) for printStringUART
    main.o(.text.Read_Time) refers to uart.o(i.UARTCharGet) for UARTCharGet
    main.o(.text.Read_Time) refers to uart.o(i.UARTCharPut) for UARTCharPut
    main.o(.text.Read_Time) refers to main.o(.rodata.str1.1) for .L.str.9
    main.o(.ARM.exidx.text.Read_Time) refers to main.o(.text.Read_Time) for [Anonymous Symbol]
    main.o(.text.UART_Init) refers to sysctl.o(i.SysCtlPeripheralEnable) for SysCtlPeripheralEnable
    main.o(.text.UART_Init) refers to sysctl.o(i.SysCtlPeripheralReady) for SysCtlPeripheralReady
    main.o(.text.UART_Init) refers to gpio.o(i.GPIOPinTypeUART) for GPIOPinTypeUART
    main.o(.text.UART_Init) refers to uart.o(i.UARTDisable) for UARTDisable
    main.o(.text.UART_Init) refers to sysctl.o(i.SysCtlClockGet) for SysCtlClockGet
[...]
    .ARM.Collect$$libinit$$00000030          0x000002e6   Section        0  libinit2.o(.ARM.Collect$$libinit$$00000030)
    .ARM.Collect$$libinit$$00000032          0x000002e6   Section        0  libinit2.o(.ARM.Collect$$libinit$$00000032)
    .ARM.Collect$$libinit$$00000033          0x000002e6   Section        2  libinit2.o(.ARM.Collect$$libinit$$00000033)
    .ARM.Collect$$libshutdown$$00000000      0x000002e8   Section        2  libshutdown.o(.ARM.Collect$$libshutdown$$00000000)
    .ARM.Collect$$libshutdown$$00000002      0x000002ea   Section        0  libshutdown2.o(.ARM.Collect$$libshutdown$$00000002)
    .ARM.Collect$$libshutdown$$00000004      0x000002ea   Section        0  libshutdown2.o(.ARM.Collect$$libshutdown$$00000004)
    .ARM.Collect$$libshutdown$$00000007      0x000002ea   Section        0  libshutdown2.o(.ARM.Collect$$libshutdown$$00000007)
    .ARM.Collect$$libshutdown$$0000000A      0x000002ea   Section        0  libshutdown2.o(.ARM.Collect$$libshutdown$$0000000A)
    .ARM.Collect$$libshutdown$$0000000C      0x000002ea   Section        0  libshutdown2.o(.ARM.Collect$$libshutdown$$0000000C)
    .ARM.Collect$$libshutdown$$0000000F      0x000002ea   Section        0  libshutdown2.o(.ARM.Collect$$libshutdown$$0000000F)
    .ARM.Collect$$libshutdown$$00000010      0x000002ea   Section        2  libshutdown2.o(.ARM.Collect$$libshutdown$$00000010)
    .ARM.Collect$$rtentry$$00000000          0x000002ec   Section        0  __rtentry.o(.ARM.Collect$$rtentry$$00000000)
    .ARM.Collect$$rtentry$$00000002          0x000002ec   Section        0  __rtentry2.o(.ARM.Collect$$rtentry$$00000002)
    .ARM.Collect$$rtentry$$00000004          0x000002ec   Section        6  __rtentry4.o(.ARM.Collect$$rtentry$$00000004)
    .ARM.Collect$$rtentry$$00000009          0x000002f2   Section        0  __rtentry2.o(.ARM.Collect$$rtentry$$00000009)
    .ARM.Collect$$rtentry$$0000000A          0x000002f2   Section        4  __rtentry2.o(.ARM.Collect$$rtentry$$0000000A)
    .ARM.Collect$$rtentry$$0000000C          0x000002f6   Section        0  __rtentry2.o(.ARM.Collect$$rtentry$$0000000C)
    .ARM.Collect$$rtentry$$0000000D          0x000002f6   Section        8  __rtentry2.o(.ARM.Collect$$rtentry$$0000000D)
    .ARM.Collect$$rtexit$$00000000           0x000002fe   Section        2  rtexit.o(.ARM.Collect$$rtexit$$00000000)
    .ARM.Collect$$rtexit$$00000002           0x00000300   Section        0  rtexit2.o(.ARM.Collect$$rtexit$$00000002)
    .ARM.Collect$$rtexit$$00000003           0x00000300   Section        4  rtexit2.o(.ARM.Collect$$rtexit$$00000003)
    .ARM.Collect$$rtexit$$00000004           0x00000304   Section        6  rtexit2.o(.ARM.Collect$$rtexit$$00000004)
    $v0                                      0x0000030c   Number         0  sysctl.o(.emb_text)
    .emb_text                                0x0000030c   Section        6  sysctl.o(.emb_text)
    $v0                                      0x00000314   Number         0  startup_tm4c123.o(.text)
    .text                                    0x00000314   Section      276  startup_tm4c123.o(.text)
    .text                                    0x00000428   Section        0  strcpy.o(.text)
    .text                                    0x00000470   Section        0  strlen.o(.text)
    .text                                    0x000004ae   Section        0  strcat.o(.text)
    .text                                    0x000004c6   Section      138  rt_memcpy_v6.o(.text)
    .text                                    0x00000550   Section       16  aeabi_memset4.o(.text)
    .text                                    0x00000560   Section      124  strcmpv7em.o(.text)
    .text                                    0x000005dc   Section        0  heapauxi.o(.text)
    .text                                    0x000005e2   Section      100  rt_memcpy_w.o(.text)
    .text                                    0x00000646   Section       78  rt_memclr_w.o(.text)
    .text                                    0x00000694   Section       74  sys_stackheap_outer.o(.text)
    .text                                    0x000006de   Section        0  exit.o(.text)
    .text                                    0x000006f0   Section        8  libspace.o(.text)
    .text                                    0x000006f8   Section        0  sys_exit.o(.text)
    .text                                    0x00000704   Section        2  use_no_semi.o(.text)
    .text                                    0x00000706   Section        0  indicate_semi.o(.text)
    [Anonymous Symbol]                       0x00000708   Section        0  main.o(.text.InitTask)
    [Anonymous Symbol]                       0x0000071c   Section        0  lcd.o(.text.LCD_Clear)
    [Anonymous Symbol]                       0x0000072c   Section        0  lcd.o(.text.LCD_Command)
    [Anonymous Symbol]                       0x000007ac   Section        0  lcd.o(.text.LCD_Cursor)
    [Anonymous Symbol]                       0x000007c8   Section        0  lcd.o(.text.LCD_PrintLn)
    [Anonymous Symbol]                       0x000007f8   Section        0  lcd.o(.text.LCD_Show)
    [Anonymous Symbol]                       0x00000878   Section        0  lcd.o(.text.LCD_init)
    [Anonymous Symbol]                       0x00000970   Section        0  port.o(.text.PendSV_Handler)
    pxCurrentTCBConst                        0x000009d0   Number         0  port.o(.text.PendSV_Handler)
    [Anonymous Symbol]                       0x000009d4   Section        0  main.o(.text.Read_Time)
    [Anonymous Symbol]                       0x00000a80   Section        0  port.o(.text.SVC_Handler)
    pxCurrentTCBConst2                       0x00000aa0   Number         0  port.o(.text.SVC_Handler)
    [Anonymous Symbol]                       0x00000aa4   Section        0  port.o(.text.SysTick_Handler)
    [Anonymous Symbol]                       0x00000ad4   Section        0  system_tm4c123.o(.text.SystemInit)
    [Anonymous Symbol]                       0x00000b44   Section        0  main.o(.text.TASK1)
    [Anonymous Symbol]                       0x00000bbc   Section        0  main.o(.text.TASK2)
    [Anonymous Symbol]                       0x00000cb0   Section        0  main.o(.text.UART_Init)
    [Anonymous Symbol]                       0x00000d1c   Section        0  main.o(.text.UART_TASK)
    [Anonymous Symbol]                       0x00000eb8   Section        0  tasks.o(.text.eTaskConfirmSleepModeStatus)
    [Anonymous Symbol]                       0x00000ef4   Section        0  main.o(.text.itoa)
    [Anonymous Symbol]                       0x00000f40   Section        0  main.o(.text.main)
    [Anonymous Symbol]                       0x00000fec   Section        0  main.o(.text.printStringUART)
    prvAddCurrentTaskToDelayedList           0x00001015   Thumb Code   170  tasks.o(.text.prvAddCurrentTaskToDelayedList)
    [Anonymous Symbol]                       0x00001014   Section        0  tasks.o(.text.prvAddCurrentTaskToDelayedList)
    prvAddNewTaskToReadyList                 0x000010c1   Thumb Code   174  tasks.o(.text.prvAddNewTaskToReadyList)
    [Anonymous Symbol]                       0x000010c0   Section        0  tasks.o(.text.prvAddNewTaskToReadyList)
    prvCheckForValidListAndQueue             0x00001171   Thumb Code    90  timers.o(.text.prvCheckForValidListAndQueue)
    [Anonymous Symbol]                       0x00001170   Section        0  timers.o(.text.prvCheckForValidListAndQueue)
    prvCheckTasksWaitingTermination          0x000011cd   Thumb Code    78  tasks.o(.text.prvCheckTasksWaitingTermination)
    [Anonymous Symbol]                       0x000011cc   Section        0  tasks.o(.text.prvCheckTasksWaitingTermination)
    prvCopyDataFromQueue                     0x0000121d   Thumb Code    38  queue.o(.text.prvCopyDataFromQueue)
    [Anonymous Symbol]                       0x0000121c   Section        0  queue.o(.text.prvCopyDataFromQueue)
    prvCopyDataToQueue                       0x00001245   Thumb Code   122  queue.o(.text.prvCopyDataToQueue)
    [Anonymous Symbol]                       0x00001244   Section        0  queue.o(.text.prvCopyDataToQueue)
    prvDeleteTCB                             0x000012c1   Thumb Code    18  tasks.o(.text.prvDeleteTCB)
    [Anonymous Symbol]                       0x000012c0   Section        0  tasks.o(.text.prvDeleteTCB)
    prvGetExpectedIdleTime                   0x000012d5   Thumb Code    68  tasks.o(.text.prvGetExpectedIdleTime)
    [Anonymous Symbol]                       0x000012d4   Section        0  tasks.o(.text.prvGetExpectedIdleTime)
    prvGetNextExpireTime                     0x00001319   Thumb Code    32  timers.o(.text.prvGetNextExpireTime)
    [Anonymous Symbol]                       0x00001318   Section        0  timers.o(.text.prvGetNextExpireTime)
    prvIdleTask                              0x00001339   Thumb Code   114  tasks.o(.text.prvIdleTask)
    [Anonymous Symbol]                       0x00001338   Section        0  tasks.o(.text.prvIdleTask)
    prvInitialiseNewQueue                    0x000013ad   Thumb Code    36  queue.o(.text.prvInitialiseNewQueue)
    [Anonymous Symbol]                       0x000013ac   Section        0  queue.o(.text.prvInitialiseNewQueue)
    prvInitialiseNewTask                     0x000013d1   Thumb Code   156  tasks.o(.text.prvInitialiseNewTask)
    [Anonymous Symbol]                       0x000013d0   Section        0  tasks.o(.text.prvInitialiseNewTask)
    prvInitialiseTaskLists                   0x0000146d   Thumb Code   110  tasks.o(.text.prvInitialiseTaskLists)
    [Anonymous Symbol]                       0x0000146c   Section        0  tasks.o(.text.prvInitialiseTaskLists)
    prvInsertTimerInActiveList               0x000014dd   Thumb Code    64  timers.o(.text.prvInsertTimerInActiveList)
    [Anonymous Symbol]                       0x000014dc   Section        0  timers.o(.text.prvInsertTimerInActiveList)
    prvIsQueueEmpty                          0x0000151d   Thumb Code    24  queue.o(.text.prvIsQueueEmpty)
    [Anonymous Symbol]                       0x0000151c   Section        0  queue.o(.text.prvIsQueueEmpty)
    prvIsQueueFull                           0x00001535   Thumb Code    28  queue.o(.text.prvIsQueueFull)
    [Anonymous Symbol]                       0x00001534   Section        0  queue.o(.text.prvIsQueueFull)
    prvNotifyQueueSetContainer               0x00001551   Thumb Code   118  queue.o(.text.prvNotifyQueueSetContainer)
    [Anonymous Symbol]                       0x00001550   Section        0  queue.o(.text.prvNotifyQueueSetContainer)
    prvPortStartFirstTask                    0x000015c9   Thumb Code    34  port.o(.text.prvPortStartFirstTask)
    [Anonymous Symbol]                       0x000015c8   Section        0  port.o(.text.prvPortStartFirstTask)
    prvProcessExpiredTimer                   0x000015f1   Thumb Code   110  timers.o(.text.prvProcessExpiredTimer)
    [Anonymous Symbol]                       0x000015f0   Section        0  timers.o(.text.prvProcessExpiredTimer)
    prvProcessReceivedCommands               0x00001661   Thumb Code   290  timers.o(.text.prvProcessReceivedCommands)
    [Anonymous Symbol]                       0x00001660   Section        0  timers.o(.text.prvProcessReceivedCommands)
    prvProcessTimerOrBlockTask               0x00001785   Thumb Code   128  timers.o(.text.prvProcessTimerOrBlockTask)
    [Anonymous Symbol]                       0x00001784   Section        0  timers.o(.text.prvProcessTimerOrBlockTask)
    prvResetNextTaskUnblockTime              0x00001805   Thumb Code    40  tasks.o(.text.prvResetNextTaskUnblockTime)
    [Anonymous Symbol]                       0x00001804   Section        0  tasks.o(.text.prvResetNextTaskUnblockTime)
    prvSampleTimeNow                         0x0000182d   Thumb Code    42  timers.o(.text.prvSampleTimeNow)
    [Anonymous Symbol]                       0x0000182c   Section        0  timers.o(.text.prvSampleTimeNow)
    prvSwitchTimerLists                      0x00001859   Thumb Code   142  timers.o(.text.prvSwitchTimerLists)
    [Anonymous Symbol]                       0x00001858   Section        0  timers.o(.text.prvSwitchTimerLists)
    prvTaskExitError                         0x000018e9   Thumb Code    50  port.o(.text.prvTaskExitError)
    [Anonymous Symbol]                       0x000018e8   Section        0  port.o(.text.prvTaskExitError)
    prvTimerTask                             0x0000191d   Thumb Code    22  timers.o(.text.prvTimerTask)
    [Anonymous Symbol]                       0x0000191c   Section        0  timers.o(.text.prvTimerTask)
    prvUnlockQueue                           0x00001935   Thumb Code   134  queue.o(.text.prvUnlockQueue)
    [Anonymous Symbol]                       0x00001934   Section        0  queue.o(.text.prvUnlockQueue)
    [Anonymous Symbol]                       0x000019bc   Section        0  heap_1.o(.text.pvPortMalloc)
    [Anonymous Symbol]                       0x00001a18   Section        0  port.o(.text.pxPortInitialiseStack)
    [Anonymous Symbol]                       0x00001a40   Section        0  main.o(.text.reverse)
    [Anonymous Symbol]                       0x00001a68   Section        0  list.o(.text.uxListRemove)
    [Anonymous Symbol]                       0x00001a8c   Section        0  list.o(.text.vListInitialise)
    [Anonymous Symbol]                       0x00001aa4   Section        0  list.o(.text.vListInitialiseItem)
    [Anonymous Symbol]                       0x00001aac   Section        0  list.o(.text.vListInsert)
    [Anonymous Symbol]                       0x00001ae8   Section        0  list.o(.text.vListInsertEnd)
    vPortEnableVFP                           0x00001b05   Thumb Code    14  port.o(.text.vPortEnableVFP)
    [Anonymous Symbol]                       0x00001b04   Section        0  port.o(.text.vPortEnableVFP)
    [Anonymous Symbol]                       0x00001b18   Section        0  port.o(.text.vPortEnterCritical)
    [Anonymous Symbol]                       0x00001b60   Section        0  port.o(.text.vPortExitCritical)
    [Anonymous Symbol]                       0x00001b90   Section        0  heap_1.o(.text.vPortFree)
    [Anonymous Symbol]                       0x00001bac   Section        0  port.o(.text.vPortSetupTimerInterrupt)
    [Anonymous Symbol]                       0x00001c10   Section        0  port.o(.text.vPortSuppressTicksAndSleep)
    [Anonymous Symbol]                       0x00001d24   Section        0  port.o(.text.vPortValidateInterruptPriority)
    [Anonymous Symbol]                       0x00001d88   Section        0  queue.o(.text.vQueueWaitForMessageRestricted)
    [Anonymous Symbol]                       0x00001dcc   Section        0  tasks.o(.text.vTaskDelay)
    [Anonymous Symbol]                       0x00001e20   Section        0  tasks.o(.text.vTaskInternalSetTimeOutState)
    [Anonymous Symbol]                       0x00001e3c   Section        0  tasks.o(.text.vTaskMissedYield)
    [Anonymous Symbol]                       0x00001e4c   Section        0  tasks.o(.text.vTaskPlaceOnEventList)
    [Anonymous Symbol]                       0x00001e80   Section        0  tasks.o(.text.vTaskPlaceOnEventListRestricted)
    [Anonymous Symbol]                       0x00001ec0   Section        0  tasks.o(.text.vTaskStartScheduler)
    [Anonymous Symbol]                       0x00001f54   Section        0  tasks.o(.text.vTaskStepTick)
    [Anonymous Symbol]                       0x00001f8c   Section        0  tasks.o(.text.vTaskSuspend)
    [Anonymous Symbol]                       0x00002084   Section        0  tasks.o(.text.vTaskSuspendAll)
    [Anonymous Symbol]                       0x00002094   Section        0  tasks.o(.text.vTaskSwitchContext)
    [Anonymous Symbol]                       0x0000211c   Section        0  port.o(.text.xPortStartScheduler)
    [Anonymous Symbol]                       0x00002230   Section        0  queue.o(.text.xQueueGenericCreate)
    [Anonymous Symbol]                       0x00002274   Section        0  queue.o(.text.xQueueGenericReset)
    [Anonymous Symbol]                       0x000022f4   Section        0  queue.o(.text.xQueueGenericSend)
    [Anonymous Symbol]                       0x000024c4   Section        0  queue.o(.text.xQueueGenericSendFromISR)
    [Anonymous Symbol]                       0x000025e0   Section        0  queue.o(.text.xQueueReceive)
    [Anonymous Symbol]                       0x00002764   Section        0  tasks.o(.text.xTaskCheckForTimeOut)
    [Anonymous Symbol]                       0x00002808   Section        0  tasks.o(.text.xTaskCreate)
    [Anonymous Symbol]                       0x00002868   Section        0  tasks.o(.text.xTaskGetSchedulerState)
    [Anonymous Symbol]                       0x00002890   Section        0  tasks.o(.text.xTaskGetTickCount)
    [Anonymous Symbol]                       0x0000289c   Section        0  tasks.o(.text.xTaskIncrementTick)
    [Anonymous Symbol]                       0x00002a00   Section        0  tasks.o(.text.xTaskPriorityDisinherit)
    [Anonymous Symbol]                       0x00002ab4   Section        0  tasks.o(.text.xTaskRemoveFromEventList)
    [Anonymous Symbol]                       0x00002b50   Section        0  tasks.o(.text.xTaskResumeAll)
    [Anonymous Symbol]                       0x00002c68   Section        0  timers.o(.text.xTimerCreateTimerTask)
    [Anonymous Symbol]                       0x00002cc8   Section        0  timers.o(.text.xTimerGenericCommand)
    i.GPIODirModeSet                         0x00002d30   Section        0  gpio.o(i.GPIODirModeSet)
    i.GPIOPadConfigSet                       0x00002d58   Section        0  gpio.o(i.GPIOPadConfigSet)
    i.GPIOPinTypeGPIOOutput                  0x00002e90   Section        0  gpio.o(i.GPIOPinTypeGPIOOutput)
    i.GPIOPinTypeUART                        0x00002eac   Section        0  gpio.o(i.GPIOPinTypeUART)
    i.GPIOPinWrite                           0x00002ec8   Section        0  gpio.o(i.GPIOPinWrite)
    i.SysCtlClockGet                         0x00002ed0   Section        0  sysctl.o(i.SysCtlClockGet)
    i.SysCtlPeripheralEnable                 0x00003024   Section        0  sysctl.o(i.SysCtlPeripheralEnable)
    i.SysCtlPeripheralReady                  0x0000304c   Section        0  sysctl.o(i.SysCtlPeripheralReady)
    i.UARTCharGet                            0x00003078   Section        0  uart.o(i.UARTCharGet)
    i.UARTCharPut                            0x00003084   Section        0  uart.o(i.UARTCharPut)
    i.UARTConfigSetExpClk                    0x00003090   Section        0  uart.o(i.UARTConfigSetExpClk)
    i.UARTDisable                            0x000030fe   Section        0  uart.o(i.UARTDisable)
    i.UARTEnable                             0x0000311c   Section        0  uart.o(i.UARTEnable)
    i.UARTFIFODisable                        0x00003130   Section        0  uart.o(i.UARTFIFODisable)
    $v0                                      0x0000313a   Number         0  fpinit.o(x$fpl$fpinit)
    x$fpl$fpinit                             0x0000313a   Section       26  fpinit.o(x$fpl$fpinit)
    g_pui32VCOFrequencies                    0x00003154   Data           8  sysctl.o(.constdata)
    .constdata                               0x00003154   Section      596  sysctl.o(.constdata)
    g_pui32Xtals                             0x0000315c   Data         108  sysctl.o(.constdata)
    g_pppui32XTALtoVCO                       0x000031c8   Data         432  sysctl.o(.constdata)
    g_sXTALtoMEMTIM                          0x00003378   Data          48  sysctl.o(.constdata)
    .L.str.8                                 0x000033a8   Data           4  main.o(.rodata.str1.1)
    [Anonymous Symbol]                       0x000033a8   Section        0  main.o(.rodata.str1.1)
    .L.str.6                                 0x000033ac   Data          41  main.o(.rodata.str1.1)
    .L.str.9                                 0x000033d2   Data           3  main.o(.rodata.str1.1)
    .L.str.7                                 0x000033d5   Data           2  main.o(.rodata.str1.1)
    .L.str.1                                 0x000033d7   Data          10  main.o(.rodata.str1.1)
    .L.str.10                                0x000033e1   Data          20  main.o(.rodata.str1.1)
    uxCriticalNesting                        0x20000074   Data           4  port.o(.data.uxCriticalNesting)
    [Anonymous Symbol]                       0x20000074   Section        0  port.o(.data.uxCriticalNesting)
    .bss                                     0x20000078   Section       96  libspace.o(.bss)
    prvSampleTimeNow.xLastTime               0x200000e4   Data           4  timers.o(.bss.prvSampleTimeNow.xLastTime)
    [Anonymous Symbol]                       0x200000e4   Section        0  timers.o(.bss.prvSampleTimeNow.xLastTime)
    pvPortMalloc.pucAlignedHeap              0x200000e8   Data           4  heap_1.o(.bss.pvPortMalloc.pucAlignedHeap)
    [Anonymous Symbol]                       0x200000e8   Section        0  heap_1.o(.bss.pvPortMalloc.pucAlignedHeap)
    pxCurrentTimerList                       0x200000f0   Data           4  timers.o(.bss.pxCurrentTimerList)
    [Anonymous Symbol]                       0x200000f0   Section        0  timers.o(.bss.pxCurrentTimerList)
    pxDelayedTaskList                        0x200000f4   Data           4  tasks.o(.bss.pxDelayedTaskList)
    [Anonymous Symbol]                       0x200000f4   Section        0  tasks.o(.bss.pxDelayedTaskList)
    pxOverflowDelayedTaskList                0x200000f8   Data           4  tasks.o(.bss.pxOverflowDelayedTaskList)
    [Anonymous Symbol]                       0x200000f8   Section        0  tasks.o(.bss.pxOverflowDelayedTaskList)
    pxOverflowTimerList                      0x200000fc   Data           4  timers.o(.bss.pxOverflowTimerList)
    [Anonymous Symbol]                       0x200000fc   Section        0  timers.o(.bss.pxOverflowTimerList)
    pxReadyTasksLists                        0x20000100   Data         100  tasks.o(.bss.pxReadyTasksLists)
    [Anonymous Symbol]                       0x20000100   Section        0  tasks.o(.bss.pxReadyTasksLists)
    ucHeap                                   0x20000164   Data        8192  heap_1.o(.bss.ucHeap)
    [Anonymous Symbol]                       0x20000164   Section        0  heap_1.o(.bss.ucHeap)
    ucMaxSysCallPriority                     0x20002164   Data           1  port.o(.bss.ucMaxSysCallPriority)
    [Anonymous Symbol]                       0x20002164   Section        0  port.o(.bss.ucMaxSysCallPriority)
    ulMaxPRIGROUPValue                       0x20002168   Data           4  port.o(.bss.ulMaxPRIGROUPValue)
    [Anonymous Symbol]                       0x20002168   Section        0  port.o(.bss.ulMaxPRIGROUPValue)
    ulStoppedTimerCompensation               0x2000216c   Data           1  port.o(.bss.ulStoppedTimerCompensation)
    [Anonymous Symbol]                       0x2000216c   Section        0  port.o(.bss.ulStoppedTimerCompensation)
    ulTimerCountsForOneTick                  0x20002170   Data           4  port.o(.bss.ulTimerCountsForOneTick)
    [Anonymous Symbol]                       0x20002170   Section        0  port.o(.bss.ulTimerCountsForOneTick)
    uxCurrentNumberOfTasks                   0x20002174   Data           4  tasks.o(.bss.uxCurrentNumberOfTasks)
    [Anonymous Symbol]                       0x20002174   Section        0  tasks.o(.bss.uxCurrentNumberOfTasks)
    uxDeletedTasksWaitingCleanUp             0x20002178   Data           4  tasks.o(.bss.uxDeletedTasksWaitingCleanUp)
    [Anonymous Symbol]                       0x20002178   Section        0  tasks.o(.bss.uxDeletedTasksWaitingCleanUp)
    uxSchedulerSuspended                     0x2000217c   Data           4  tasks.o(.bss.uxSchedulerSuspended)
    [Anonymous Symbol]                       0x2000217c   Section        0  tasks.o(.bss.uxSchedulerSuspended)
    uxTaskNumber                             0x20002180   Data           4  tasks.o(.bss.uxTaskNumber)
    [Anonymous Symbol]                       0x20002180   Section        0  tasks.o(.bss.uxTaskNumber)
    uxTopReadyPriority                       0x20002184   Data           4  tasks.o(.bss.uxTopReadyPriority)
    [Anonymous Symbol]                       0x20002184   Section        0  tasks.o(.bss.uxTopReadyPriority)
    xActiveTimerList1                        0x20002188   Data          20  timers.o(.bss.xActiveTimerList1)
    [Anonymous Symbol]                       0x20002188   Section        0  timers.o(.bss.xActiveTimerList1)
    xActiveTimerList2                        0x2000219c   Data          20  timers.o(.bss.xActiveTimerList2)
    [Anonymous Symbol]                       0x2000219c   Section        0  timers.o(.bss.xActiveTimerList2)
    xDelayedTaskList1                        0x200021b0   Data          20  tasks.o(.bss.xDelayedTaskList1)
    [Anonymous Symbol]                       0x200021b0   Section        0  tasks.o(.bss.xDelayedTaskList1)
    xDelayedTaskList2                        0x200021c4   Data          20  tasks.o(.bss.xDelayedTaskList2)
    [Anonymous Symbol]                       0x200021c4   Section        0  tasks.o(.bss.xDelayedTaskList2)
    xIdleTaskHandle                          0x200021d8   Data           4  tasks.o(.bss.xIdleTaskHandle)
    [Anonymous Symbol]                       0x200021d8   Section        0  tasks.o(.bss.xIdleTaskHandle)
    xMaximumPossibleSuppressedTicks          0x200021dc   Data           4  port.o(.bss.xMaximumPossibleSuppressedTicks)
    [Anonymous Symbol]                       0x200021dc   Section        0  port.o(.bss.xMaximumPossibleSuppressedTicks)
    xNextFreeByte                            0x200021e0   Data           4  heap_1.o(.bss.xNextFreeByte)
    [Anonymous Symbol]                       0x200021e0   Section        0  heap_1.o(.bss.xNextFreeByte)
    xNextTaskUnblockTime                     0x200021e4   Data           4  tasks.o(.bss.xNextTaskUnblockTime)
    [Anonymous Symbol]                       0x200021e4   Section        0  tasks.o(.bss.xNextTaskUnblockTime)
    xNumOfOverflows                          0x200021e8   Data           4  tasks.o(.bss.xNumOfOverflows)
    [Anonymous Symbol]                       0x200021e8   Section        0  tasks.o(.bss.xNumOfOverflows)
    xPendedTicks                             0x200021ec   Data           4  tasks.o(.bss.xPendedTicks)
    [Anonymous Symbol]                       0x200021ec   Section        0  tasks.o(.bss.xPendedTicks)
    xPendingReadyList                        0x200021f0   Data          20  tasks.o(.bss.xPendingReadyList)
    [Anonymous Symbol]                       0x200021f0   Section        0  tasks.o(.bss.xPendingReadyList)
    xSchedulerRunning                        0x2000220c   Data           4  tasks.o(.bss.xSchedulerRunning)
    [Anonymous Symbol]                       0x2000220c   Section        0  tasks.o(.bss.xSchedulerRunning)
    xSuspendedTaskList                       0x20002210   Data          20  tasks.o(.bss.xSuspendedTaskList)
    [Anonymous Symbol]                       0x20002210   Section        0  tasks.o(.bss.xSuspendedTaskList)
    xTasksWaitingTermination                 0x20002224   Data          20  tasks.o(.bss.xTasksWaitingTermination)
    [Anonymous Symbol]                       0x20002224   Section        0  tasks.o(.bss.xTasksWaitingTermination)
    xTickCount                               0x20002238   Data           4  tasks.o(.bss.xTickCount)
    [Anonymous Symbol]                       0x20002238   Section        0  tasks.o(.bss.xTickCount)
    xTimerQueue                              0x2000223c   Data           4  timers.o(.bss.xTimerQueue)
    [Anonymous Symbol]                       0x2000223c   Section        0  timers.o(.bss.xTimerQueue)
    xTimerTaskHandle                         0x20002240   Data           4  timers.o(.bss.xTimerTaskHandle)
    [Anonymous Symbol]                       0x20002240   Section        0  timers.o(.bss.xTimerTaskHandle)
    xYieldPending                            0x20002244   Data           4  tasks.o(.bss.xYieldPending)
    [Anonymous Symbol]                       0x20002244   Section        0  tasks.o(.bss.xYieldPending)
    Heap_Mem                                 0x20002248   Data           0  startup_tm4c123.o(HEAP)
    Stack_Mem                                0x20002248   Data         512  startup_tm4c123.o(STACK)
    HEAP                                     0x20002248   Section        0  startup_tm4c123.o(HEAP)
    STACK                                    0x20002248   Section      512  startup_tm4c123.o(STACK)
    __initial_sp                             0x20002448   Data           0  startup_tm4c123.o(STACK)

    Global Symbols

    Symbol Name                              Value     Ov Type        Size  Object(Section)

    BuildAttributes$$THM_ISAv4$E$P$D$K$B$S$7EM$VFPi3$EXTD16$VFPS$VFMA$PE$A:L22UL41UL21$X:L11$S22US41US21$IEEE1$IW$~IW$USESV6$~STKCKD$USESV7$~SHL$OTIME$ROPI$EBA8$UX$STANDARDLIB$REQ8$PRES8$EABIv2 0x00000000   Number         0  anon$$obj.o ABSOLUTE
    __Vectors                                0x00000000   Data           4  startup_tm4c123.o(RESET)
    __ARM_exceptions_init                     - Undefined Weak Reference
    __alloca_initialize                       - Undefined Weak Reference
    __arm_preinit_                            - Undefined Weak Reference
    __cpp_initialize__aeabi_                  - Undefined Weak Reference
    __cxa_finalize                            - Undefined Weak Reference
    __rt_locale                               - Undefined Weak Reference
    __sigvec_lookup                           - Undefined Weak Reference
    _atexit_init                              - Undefined Weak Reference
    _call_atexit_fns                          - Undefined Weak Reference
    _clock_init                               - Undefined Weak Reference
    _fp_trap_init                             - Undefined Weak Reference
    _fp_trap_shutdown                         - Undefined Weak Reference
    _get_lc_collate                           - Undefined Weak Reference
    _get_lc_ctype                             - Undefined Weak Reference
    _get_lc_monetary                          - Undefined Weak Reference
    _get_lc_numeric                           - Undefined Weak Reference
    _get_lc_time                              - Undefined Weak Reference
    _getenv_init                              - Undefined Weak Reference
    _handle_redirection                       - Undefined Weak Reference
    _init_alloc                               - Undefined Weak Reference
    _init_user_alloc                          - Undefined Weak Reference
    _initio                                   - Undefined Weak Reference
    _rand_init                                - Undefined Weak Reference
    _signal_finish                            - Undefined Weak Reference
    _signal_init                              - Undefined Weak Reference
    _terminate_alloc                          - Undefined Weak Reference
    _terminate_user_alloc                     - Undefined Weak Reference
    _terminateio                              - Undefined Weak Reference
    __Vectors_End                            0x0000026c   Data           0  startup_tm4c123.o(RESET)
    __Vectors_Size                           0x0000026c   Number         0  startup_tm4c123.o ABSOLUTE
    __main                                   0x0000026d   Thumb Code     8  __main.o(!!!main)
    __scatterload                            0x00000275   Thumb Code     0  __scatter.o(!!!scatter)
    __scatterload_rt2                        0x00000275   Thumb Code    44  __scatter.o(!!!scatter)
    __scatterload_rt2_thumb_only             0x00000275   Thumb Code     0  __scatter.o(!!!scatter)
    __scatterload_null                       0x00000283   Thumb Code     0  __scatter.o(!!!scatter)
    __scatterload_copy                       0x000002a9   Thumb Code    26  __scatter_copy.o(!!handler_copy)
    __scatterload_zeroinit                   0x000002c5   Thumb Code    28  __scatter_zi.o(!!handler_zi)
    __rt_lib_init                            0x000002e1   Thumb Code     0  libinit.o(.ARM.Collect$$libinit$$00000000)
    __rt_lib_init_fp_1                       0x000002e3   Thumb Code     0  libinit2.o(.ARM.Collect$$libinit$$00000001)
    __rt_lib_init_alloca_1                   0x000002e7   Thumb Code     0  libinit2.o(.ARM.Collect$$libinit$$0000002E)
    __rt_lib_init_argv_1                     0x000002e7   Thumb Code     0  libinit2.o(.ARM.Collect$$libinit$$0000002C)
    __rt_lib_init_atexit_1                   0x000002e7   Thumb Code     0  libinit2.o(.ARM.Collect$$libinit$$0000001B)
    __rt_lib_init_clock_1                    0x000002e7   Thumb Code     0  libinit2.o(.ARM.Collect$$libinit$$00000021)
    __rt_lib_init_cpp_1                      0x000002e7   Thumb Code     0  libinit2.o(.ARM.Collect$$libinit$$00000032)
    __rt_lib_init_exceptions_1               0x000002e7   Thumb Code     0  libinit2.o(.ARM.Collect$$libinit$$00000030)
    __rt_lib_init_fp_trap_1                  0x000002e7   Thumb Code     0  libinit2.o(.ARM.Collect$$libinit$$0000001F)
    __rt_lib_init_getenv_1                   0x000002e7   Thumb Code     0  libinit2.o(.ARM.Collect$$libinit$$00000023)
    __rt_lib_init_heap_1                     0x000002e7   Thumb Code     0  libinit2.o(.ARM.Collect$$libinit$$0000000A)
    __rt_lib_init_lc_collate_1               0x000002e7   Thumb Code     0  libinit2.o(.ARM.Collect$$libinit$$00000011)
    __rt_lib_init_lc_ctype_1                 0x000002e7   Thumb Code     0  libinit2.o(.ARM.Collect$$libinit$$00000013)
    __rt_lib_init_lc_monetary_1              0x000002e7   Thumb Code     0  libinit2.o(.ARM.Collect$$libinit$$00000015)
    __rt_lib_init_lc_numeric_1               0x000002e7   Thumb Code     0  libinit2.o(.ARM.Collect$$libinit$$00000017)
    __rt_lib_init_lc_time_1                  0x000002e7   Thumb Code     0  libinit2.o(.ARM.Collect$$libinit$$00000019)
    __rt_lib_init_preinit_1                  0x000002e7   Thumb Code     0  libinit2.o(.ARM.Collect$$libinit$$00000004)
    __rt_lib_init_rand_1                     0x000002e7   Thumb Code     0  libinit2.o(.ARM.Collect$$libinit$$0000000E)
    __rt_lib_init_return                     0x000002e7   Thumb Code     0  libinit2.o(.ARM.Collect$$libinit$$00000033)
    __rt_lib_init_signal_1                   0x000002e7   Thumb Code     0  libinit2.o(.ARM.Collect$$libinit$$0000001D)
    __rt_lib_init_stdio_1                    0x000002e7   Thumb Code     0  libinit2.o(.ARM.Collect$$libinit$$00000025)
    __rt_lib_init_user_alloc_1               0x000002e7   Thumb Code     0  libinit2.o(.ARM.Collect$$libinit$$0000000C)
    __rt_lib_shutdown                        0x000002e9   Thumb Code     0  libshutdown.o(.ARM.Collect$$libshutdown$$00000000)
    __rt_lib_shutdown_cpp_1                  0x000002eb   Thumb Code     0  libshutdown2.o(.ARM.Collect$$libshutdown$$00000002)
    __rt_lib_shutdown_fp_trap_1              0x000002eb   Thumb Code     0  libshutdown2.o(.ARM.Collect$$libshutdown$$00000007)
    __rt_lib_shutdown_heap_1                 0x000002eb   Thumb Code     0  libshutdown2.o(.ARM.Collect$$libshutdown$$0000000F)
    __rt_lib_shutdown_return                 0x000002eb   Thumb Code     0  libshutdown2.o(.ARM.Collect$$libshutdown$$00000010)
    __rt_lib_shutdown_signal_1               0x000002eb   Thumb Code     0  libshutdown2.o(.ARM.Collect$$libshutdown$$0000000A)
    __rt_lib_shutdown_stdio_1                0x000002eb   Thumb Code     0  libshutdown2.o(.ARM.Collect$$libshutdown$$00000004)
    __rt_lib_shutdown_user_alloc_1           0x000002eb   Thumb Code     0  libshutdown2.o(.ARM.Collect$$libshutdown$$0000000C)
    __rt_entry                               0x000002ed   Thumb Code     0  __rtentry.o(.ARM.Collect$$rtentry$$00000000)
    __rt_entry_presh_1                       0x000002ed   Thumb Code     0  __rtentry2.o(.ARM.Collect$$rtentry$$00000002)
    __rt_entry_sh                            0x000002ed   Thumb Code     0  __rtentry4.o(.ARM.Collect$$rtentry$$00000004)
    __rt_entry_li                            0x000002f3   Thumb Code     0  __rtentry2.o(.ARM.Collect$$rtentry$$0000000A)
    __rt_entry_postsh_1                      0x000002f3   Thumb Code     0  __rtentry2.o(.ARM.Collect$$rtentry$$00000009)
    __rt_entry_main                          0x000002f7   Thumb Code     0  __rtentry2.o(.ARM.Collect$$rtentry$$0000000D)
    __rt_entry_postli_1                      0x000002f7   Thumb Code     0  __rtentry2.o(.ARM.Collect$$rtentry$$0000000C)
    __rt_exit                                0x000002ff   Thumb Code     0  rtexit.o(.ARM.Collect$$rtexit$$00000000)
    __rt_exit_ls                             0x00000301   Thumb Code     0  rtexit2.o(.ARM.Collect$$rtexit$$00000003)
    __rt_exit_prels_1                        0x00000301   Thumb Code     0  rtexit2.o(.ARM.Collect$$rtexit$$00000002)
    __rt_exit_exit                           0x00000305   Thumb Code     0  rtexit2.o(.ARM.Collect$$rtexit$$00000004)
    SysCtlDelay                              0x0000030d   Thumb Code     6  sysctl.o(.emb_text)
    Reset_Handler                            0x00000315   Thumb Code     8  startup_tm4c123.o(.text)
    NMI_Handler                              0x0000031d   Thumb Code     2  startup_tm4c123.o(.text)
    HardFault_Handler                        0x0000031f   Thumb Code     2  startup_tm4c123.o(.text)
    MemManage_Handler                        0x00000321   Thumb Code     2  startup_tm4c123.o(.text)
    BusFault_Handler                         0x00000323   Thumb Code     2  startup_tm4c123.o(.text)
    UsageFault_Handler                       0x00000325   Thumb Code     2  startup_tm4c123.o(.text)
    DebugMon_Handler                         0x00000329   Thumb Code     2  startup_tm4c123.o(.text)
    GPIOA_Handler                            0x0000032f   Thumb Code     2  startup_tm4c123.o(.text)
    GPIOB_Handler                            0x00000331   Thumb Code     2  startup_tm4c123.o(.text)
    GPIOC_Handler                            0x00000333   Thumb Code     2  startup_tm4c123.o(.text)
    GPIOD_Handler                            0x00000335   Thumb Code     2  startup_tm4c123.o(.text)
    GPIOE_Handler                            0x00000337   Thumb Code     2  startup_tm4c123.o(.text)
    UART0_Handler                            0x00000339   Thumb Code     2  startup_tm4c123.o(.text)
    UART1_Handler                            0x0000033b   Thumb Code     2  startup_tm4c123.o(.text)
    SSI0_Handler                             0x0000033d   Thumb Code     2  startup_tm4c123.o(.text)
    I2C0_Handler                             0x0000033f   Thumb Code     2  startup_tm4c123.o(.text)
    PMW0_FAULT_Handler                       0x00000341   Thumb Code     2  startup_tm4c123.o(.text)
    PWM0_0_Handler                           0x00000343   Thumb Code     2  startup_tm4c123.o(.text)
    PWM0_1_Handler                           0x00000345   Thumb Code     2  startup_tm4c123.o(.text)
    PWM0_2_Handler                           0x00000347   Thumb Code     2  startup_tm4c123.o(.text)
    QEI0_Handler                             0x00000349   Thumb Code     2  startup_tm4c123.o(.text)
    ADC0SS0_Handler                          0x0000034b   Thumb Code     2  startup_tm4c123.o(.text)
    ADC0SS1_Handler                          0x0000034d   Thumb Code     2  startup_tm4c123.o(.text)
    ADC0SS2_Handler                          0x0000034f   Thumb Code     2  startup_tm4c123.o(.text)
    ADC0SS3_Handler                          0x00000351   Thumb Code     2  startup_tm4c123.o(.text)
    WDT0_Handler                             0x00000353   Thumb Code     2  startup_tm4c123.o(.text)
    TIMER0A_Handler                          0x00000355   Thumb Code     2  startup_tm4c123.o(.text)
    TIMER0B_Handler                          0x00000357   Thumb Code     2  startup_tm4c123.o(.text)
    TIMER1A_Handler                          0x00000359   Thumb Code     2  startup_tm4c123.o(.text)
    TIMER1B_Handler                          0x0000035b   Thumb Code     2  startup_tm4c123.o(.text)
    TIMER2A_Handler                          0x0000035d   Thumb Code     2  startup_tm4c123.o(.text)
    TIMER2B_Handler                          0x0000035f   Thumb Code     2  startup_tm4c123.o(.text)
    COMP0_Handler                            0x00000361   Thumb Code     2  startup_tm4c123.o(.text)
    COMP1_Handler                            0x00000363   Thumb Code     2  startup_tm4c123.o(.text)
    COMP2_Handler                            0x00000365   Thumb Code     2  startup_tm4c123.o(.text)
    SYSCTL_Handler                           0x00000367   Thumb Code     2  startup_tm4c123.o(.text)
    FLASH_Handler                            0x00000369   Thumb Code     2  startup_tm4c123.o(.text)
    GPIOF_Handler                            0x0000036b   Thumb Code     2  startup_tm4c123.o(.text)
    GPIOG_Handler                            0x0000036d   Thumb Code     2  startup_tm4c123.o(.text)
    GPIOH_Handler                            0x0000036f   Thumb Code     2  startup_tm4c123.o(.text)
    UART2_Handler                            0x00000371   Thumb Code     2  startup_tm4c123.o(.text)
    SSI1_Handler                             0x00000373   Thumb Code     2  startup_tm4c123.o(.text)
    TIMER3A_Handler                          0x00000375   Thumb Code     2  startup_tm4c123.o(.text)
    TIMER3B_Handler                          0x00000377   Thumb Code     2  startup_tm4c123.o(.text)
    I2C1_Handler                             0x00000379   Thumb Code     2  startup_tm4c123.o(.text)
    QEI1_Handler                             0x0000037b   Thumb Code     2  startup_tm4c123.o(.text)
    CAN0_Handler                             0x0000037d   Thumb Code     2  startup_tm4c123.o(.text)
    CAN1_Handler                             0x0000037f   Thumb Code     2  startup_tm4c123.o(.text)
    CAN2_Handler                             0x00000381   Thumb Code     2  startup_tm4c123.o(.text)
    HIB_Handler                              0x00000383   Thumb Code     2  startup_tm4c123.o(.text)
    USB0_Handler                             0x00000385   Thumb Code     2  startup_tm4c123.o(.text)
    PWM0_3_Handler                           0x00000387   Thumb Code     2  startup_tm4c123.o(.text)
    UDMA_Handler                             0x00000389   Thumb Code     2  startup_tm4c123.o(.text)
    UDMAERR_Handler                          0x0000038b   Thumb Code     2  startup_tm4c123.o(.text)
    ADC1SS0_Handler                          0x0000038d   Thumb Code     2  startup_tm4c123.o(.text)
    ADC1SS1_Handler                          0x0000038f   Thumb Code     2  startup_tm4c123.o(.text)
    ADC1SS2_Handler                          0x00000391   Thumb Code     2  startup_tm4c123.o(.text)
    ADC1SS3_Handler                          0x00000393   Thumb Code     2  startup_tm4c123.o(.text)
    GPIOJ_Handler                            0x00000395   Thumb Code     2  startup_tm4c123.o(.text)
    GPIOK_Handler                            0x00000397   Thumb Code     2  startup_tm4c123.o(.text)
    GPIOL_Handler                            0x00000399   Thumb Code     2  startup_tm4c123.o(.text)
    SSI2_Handler                             0x0000039b   Thumb Code     2  startup_tm4c123.o(.text)
    SSI3_Handler                             0x0000039d   Thumb Code     2  startup_tm4c123.o(.text)
    UART3_Handler                            0x0000039f   Thumb Code     2  startup_tm4c123.o(.text)
    UART4_Handler                            0x000003a1   Thumb Code     2  startup_tm4c123.o(.text)
    UART5_Handler                            0x000003a3   Thumb Code     2  startup_tm4c123.o(.text)
    UART6_Handler                            0x000003a5   Thumb Code     2  startup_tm4c123.o(.text)
    UART7_Handler                            0x000003a7   Thumb Code     2  startup_tm4c123.o(.text)
    I2C2_Handler                             0x000003a9   Thumb Code     2  startup_tm4c123.o(.text)
    I2C3_Handler                             0x000003ab   Thumb Code     2  startup_tm4c123.o(.text)
    TIMER4A_Handler                          0x000003ad   Thumb Code     2  startup_tm4c123.o(.text)
    TIMER4B_Handler                          0x000003af   Thumb Code     2  startup_tm4c123.o(.text)
    TIMER5A_Handler                          0x000003b1   Thumb Code     2  startup_tm4c123.o(.text)
    TIMER5B_Handler                          0x000003b3   Thumb Code     2  startup_tm4c123.o(.text)
    WTIMER0A_Handler                         0x000003b5   Thumb Code     2  startup_tm4c123.o(.text)
    WTIMER0B_Handler                         0x000003b7   Thumb Code     2  startup_tm4c123.o(.text)
    WTIMER1A_Handler                         0x000003b9   Thumb Code     2  startup_tm4c123.o(.text)
    WTIMER1B_Handler                         0x000003bb   Thumb Code     2  startup_tm4c123.o(.text)
    WTIMER2A_Handler                         0x000003bd   Thumb Code     2  startup_tm4c123.o(.text)
    WTIMER2B_Handler                         0x000003bf   Thumb Code     2  startup_tm4c123.o(.text)
    WTIMER3A_Handler                         0x000003c1   Thumb Code     2  startup_tm4c123.o(.text)
    WTIMER3B_Handler                         0x000003c3   Thumb Code     2  startup_tm4c123.o(.text)
    WTIMER4A_Handler                         0x000003c5   Thumb Code     2  startup_tm4c123.o(.text)
    WTIMER4B_Handler                         0x000003c7   Thumb Code     2  startup_tm4c123.o(.text)
    WTIMER5A_Handler                         0x000003c9   Thumb Code     2  startup_tm4c123.o(.text)
    WTIMER5B_Handler                         0x000003cb   Thumb Code     2  startup_tm4c123.o(.text)
    FPU_Handler                              0x000003cd   Thumb Code     2  startup_tm4c123.o(.text)
    I2C4_Handler                             0x000003cf   Thumb Code     2  startup_tm4c123.o(.text)
    I2C5_Handler                             0x000003d1   Thumb Code     2  startup_tm4c123.o(.text)
    GPIOM_Handler                            0x000003d3   Thumb Code     2  startup_tm4c123.o(.text)
    GPION_Handler                            0x000003d5   Thumb Code     2  startup_tm4c123.o(.text)
    QEI2_Handler                             0x000003d7   Thumb Code     2  startup_tm4c123.o(.text)
    GPIOP0_Handler                           0x000003d9   Thumb Code     2  startup_tm4c123.o(.text)
    GPIOP1_Handler                           0x000003db   Thumb Code     2  startup_tm4c123.o(.text)
    GPIOP2_Handler                           0x000003dd   Thumb Code     2  startup_tm4c123.o(.text)
    GPIOP3_Handler                           0x000003df   Thumb Code     2  startup_tm4c123.o(.text)
    GPIOP4_Handler                           0x000003e1   Thumb Code     2  startup_tm4c123.o(.text)
    GPIOP5_Handler                           0x000003e3   Thumb Code     2  startup_tm4c123.o(.text)
    GPIOP6_Handler                           0x000003e5   Thumb Code     2  startup_tm4c123.o(.text)
    GPIOP7_Handler                           0x000003e7   Thumb Code     2  startup_tm4c123.o(.text)
    GPIOQ0_Handler                           0x000003e9   Thumb Code     2  startup_tm4c123.o(.text)
    GPIOQ1_Handler                           0x000003eb   Thumb Code     2  startup_tm4c123.o(.text)
    GPIOQ2_Handler                           0x000003ed   Thumb Code     2  startup_tm4c123.o(.text)
    GPIOQ3_Handler                           0x000003ef   Thumb Code     2  startup_tm4c123.o(.text)
    GPIOQ4_Handler                           0x000003f1   Thumb Code     2  startup_tm4c123.o(.text)
    GPIOQ5_Handler                           0x000003f3   Thumb Code     2  startup_tm4c123.o(.text)
    GPIOQ6_Handler                           0x000003f5   Thumb Code     2  startup_tm4c123.o(.text)
    GPIOQ7_Handler                           0x000003f7   Thumb Code     2  startup_tm4c123.o(.text)
    GPIOR_Handler                            0x000003f9   Thumb Code     2  startup_tm4c123.o(.text)
    GPIOS_Handler                            0x000003fb   Thumb Code     2  startup_tm4c123.o(.text)
    PMW1_0_Handler                           0x000003fd   Thumb Code     2  startup_tm4c123.o(.text)
    PWM1_1_Handler                           0x000003ff   Thumb Code     2  startup_tm4c123.o(.text)
    PWM1_2_Handler                           0x00000401   Thumb Code     2  startup_tm4c123.o(.text)
    PWM1_3_Handler                           0x00000403   Thumb Code     2  startup_tm4c123.o(.text)
    PWM1_FAULT_Handler                       0x00000405   Thumb Code     2  startup_tm4c123.o(.text)
    __user_initial_stackheap                 0x00000409   Thumb Code     0  startup_tm4c123.o(.text)
    strcpy                                   0x00000429   Thumb Code    72  strcpy.o(.text)
    strlen                                   0x00000471   Thumb Code    62  strlen.o(.text)
    strcat                                   0x000004af   Thumb Code    24  strcat.o(.text)
    __aeabi_memcpy                           0x000004c7   Thumb Code     0  rt_memcpy_v6.o(.text)
    __rt_memcpy                              0x000004c7   Thumb Code   138  rt_memcpy_v6.o(.text)
    _memcpy_lastbytes                        0x0000052d   Thumb Code     0  rt_memcpy_v6.o(.text)
    __aeabi_memset4                          0x00000551   Thumb Code    16  aeabi_memset4.o(.text)
    __aeabi_memset8                          0x00000551   Thumb Code     0  aeabi_memset4.o(.text)
    strcmp                                   0x00000561   Thumb Code   124  strcmpv7em.o(.text)
    __use_two_region_memory                  0x000005dd   Thumb Code     2  heapauxi.o(.text)
    __rt_heap_escrow$2region                 0x000005df   Thumb Code     2  heapauxi.o(.text)
    __rt_heap_expand$2region                 0x000005e1   Thumb Code     2  heapauxi.o(.text)
    __aeabi_memcpy4                          0x000005e3   Thumb Code     0  rt_memcpy_w.o(.text)
    __aeabi_memcpy8                          0x000005e3   Thumb Code     0  rt_memcpy_w.o(.text)
    __rt_memcpy_w                            0x000005e3   Thumb Code   100  rt_memcpy_w.o(.text)
    _memcpy_lastbytes_aligned                0x0000062b   Thumb Code     0  rt_memcpy_w.o(.text)
    __aeabi_memclr4                          0x00000647   Thumb Code     0  rt_memclr_w.o(.text)
    __aeabi_memclr8                          0x00000647   Thumb Code     0  rt_memclr_w.o(.text)
    __rt_memclr_w                            0x00000647   Thumb Code     0  rt_memclr_w.o(.text)
    _memset_w                                0x0000064b   Thumb Code    74  rt_memclr_w.o(.text)
    __user_setup_stackheap                   0x00000695   Thumb Code    74  sys_stackheap_outer.o(.text)
    exit                                     0x000006df   Thumb Code    18  exit.o(.text)
    __user_libspace                          0x000006f1   Thumb Code     8  libspace.o(.text)
    __user_perproc_libspace                  0x000006f1   Thumb Code     0  libspace.o(.text)
    __user_perthread_libspace                0x000006f1   Thumb Code     0  libspace.o(.text)
    _sys_exit                                0x000006f9   Thumb Code     8  sys_exit.o(.text)
    __I$use$semihosting                      0x00000705   Thumb Code     0  use_no_semi.o(.text)
    __use_no_semihosting_swi                 0x00000705   Thumb Code     2  use_no_semi.o(.text)
    __semihosting_library_function           0x00000707   Thumb Code     0  indicate_semi.o(.text)
    InitTask                                 0x00000709   Thumb Code    18  main.o(.text.InitTask)
    LCD_Clear                                0x0000071d   Thumb Code    16  lcd.o(.text.LCD_Clear)
    LCD_Command                              0x0000072d   Thumb Code   128  lcd.o(.text.LCD_Command)
    LCD_Cursor                               0x000007ad   Thumb Code    28  lcd.o(.text.LCD_Cursor)
    LCD_PrintLn                              0x000007c9   Thumb Code    48  lcd.o(.text.LCD_PrintLn)
    LCD_Show                                 0x000007f9   Thumb Code   126  lcd.o(.text.LCD_Show)
    LCD_init                                 0x00000879   Thumb Code   236  lcd.o(.text.LCD_init)
    PendSV_Handler                           0x00000971   Thumb Code   100  port.o(.text.PendSV_Handler)
    Read_Time                                0x000009d5   Thumb Code   108  main.o(.text.Read_Time)
    SVC_Handler                              0x00000a81   Thumb Code    36  port.o(.text.SVC_Handler)
    SysTick_Handler                          0x00000aa5   Thumb Code    46  port.o(.text.SysTick_Handler)
    SystemInit                               0x00000ad5   Thumb Code   112  system_tm4c123.o(.text.SystemInit)
    TASK1                                    0x00000b45   Thumb Code   118  main.o(.text.TASK1)
    TASK2                                    0x00000bbd   Thumb Code   244  main.o(.text.TASK2)
    UART_Init                                0x00000cb1   Thumb Code   106  main.o(.text.UART_Init)
    UART_TASK                                0x00000d1d   Thumb Code   276  main.o(.text.UART_TASK)
    eTaskConfirmSleepModeStatus              0x00000eb9   Thumb Code    60  tasks.o(.text.eTaskConfirmSleepModeStatus)
    itoa                                     0x00000ef5   Thumb Code    74  main.o(.text.itoa)
    main                                     0x00000f41   Thumb Code   160  main.o(.text.main)
    printStringUART                          0x00000fed   Thumb Code    38  main.o(.text.printStringUART)
    pvPortMalloc                             0x000019bd   Thumb Code    90  heap_1.o(.text.pvPortMalloc)
    pxPortInitialiseStack                    0x00001a19   Thumb Code    40  port.o(.text.pxPortInitialiseStack)
    reverse                                  0x00001a41   Thumb Code    38  main.o(.text.reverse)
    uxListRemove                             0x00001a69   Thumb Code    36  list.o(.text.uxListRemove)
    vListInitialise                          0x00001a8d   Thumb Code    22  list.o(.text.vListInitialise)
    vListInitialiseItem                      0x00001aa5   Thumb Code     6  list.o(.text.vListInitialiseItem)
    vListInsert                              0x00001aad   Thumb Code    58  list.o(.text.vListInsert)
    vListInsertEnd                           0x00001ae9   Thumb Code    28  list.o(.text.vListInsertEnd)
    vPortEnterCritical                       0x00001b19   Thumb Code    70  port.o(.text.vPortEnterCritical)
    vPortExitCritical                        0x00001b61   Thumb Code    46  port.o(.text.vPortExitCritical)
    vPortFree                                0x00001b91   Thumb Code    26  heap_1.o(.text.vPortFree)
    vPortSetupTimerInterrupt                 0x00001bad   Thumb Code   100  port.o(.text.vPortSetupTimerInterrupt)
    vPortSuppressTicksAndSleep               0x00001c11   Thumb Code   276  port.o(.text.vPortSuppressTicksAndSleep)
    vPortValidateInterruptPriority           0x00001d25   Thumb Code    98  port.o(.text.vPortValidateInterruptPriority)
    vQueueWaitForMessageRestricted           0x00001d89   Thumb Code    68  queue.o(.text.vQueueWaitForMessageRestricted)
    vTaskDelay                               0x00001dcd   Thumb Code    84  tasks.o(.text.vTaskDelay)
    vTaskInternalSetTimeOutState             0x00001e21   Thumb Code    26  tasks.o(.text.vTaskInternalSetTimeOutState)
    vTaskMissedYield                         0x00001e3d   Thumb Code    14  tasks.o(.text.vTaskMissedYield)
    vTaskPlaceOnEventList                    0x00001e4d   Thumb Code    50  tasks.o(.text.vTaskPlaceOnEventList)
    vTaskPlaceOnEventListRestricted          0x00001e81   Thumb Code    62  tasks.o(.text.vTaskPlaceOnEventListRestricted)
    vTaskStartScheduler                      0x00001ec1   Thumb Code   140  tasks.o(.text.vTaskStartScheduler)
    vTaskStepTick                            0x00001f55   Thumb Code    54  tasks.o(.text.vTaskStepTick)
    vTaskSuspend                             0x00001f8d   Thumb Code   248  tasks.o(.text.vTaskSuspend)
    vTaskSuspendAll                          0x00002085   Thumb Code    16  tasks.o(.text.vTaskSuspendAll)
    vTaskSwitchContext                       0x00002095   Thumb Code   134  tasks.o(.text.vTaskSwitchContext)
    xPortStartScheduler                      0x0000211d   Thumb Code   274  port.o(.text.xPortStartScheduler)
    xQueueGenericCreate                      0x00002231   Thumb Code    66  queue.o(.text.xQueueGenericCreate)
    xQueueGenericReset                       0x00002275   Thumb Code   126  queue.o(.text.xQueueGenericReset)
    xQueueGenericSend                        0x000022f5   Thumb Code   464  queue.o(.text.xQueueGenericSend)
    xQueueGenericSendFromISR                 0x000024c5   Thumb Code   282  queue.o(.text.xQueueGenericSendFromISR)
    xQueueReceive                            0x000025e1   Thumb Code   388  queue.o(.text.xQueueReceive)
    xTaskCheckForTimeOut                     0x00002765   Thumb Code   162  tasks.o(.text.xTaskCheckForTimeOut)
    xTaskCreate                              0x00002809   Thumb Code    96  tasks.o(.text.xTaskCreate)
    xTaskGetSchedulerState                   0x00002869   Thumb Code    38  tasks.o(.text.xTaskGetSchedulerState)
    xTaskGetTickCount                        0x00002891   Thumb Code    12  tasks.o(.text.xTaskGetTickCount)
    xTaskIncrementTick                       0x0000289d   Thumb Code   356  tasks.o(.text.xTaskIncrementTick)
    xTaskPriorityDisinherit                  0x00002a01   Thumb Code   178  tasks.o(.text.xTaskPriorityDisinherit)
    xTaskRemoveFromEventList                 0x00002ab5   Thumb Code   156  tasks.o(.text.xTaskRemoveFromEventList)
    xTaskResumeAll                           0x00002b51   Thumb Code   280  tasks.o(.text.xTaskResumeAll)
    xTimerCreateTimerTask                    0x00002c69   Thumb Code    88  timers.o(.text.xTimerCreateTimerTask)
    xTimerGenericCommand                     0x00002cc9   Thumb Code   104  timers.o(.text.xTimerGenericCommand)
    GPIODirModeSet                           0x00002d31   Thumb Code    40  gpio.o(i.GPIODirModeSet)
    GPIOPadConfigSet                         0x00002d59   Thumb Code   312  gpio.o(i.GPIOPadConfigSet)
    GPIOPinTypeGPIOOutput                    0x00002e91   Thumb Code    28  gpio.o(i.GPIOPinTypeGPIOOutput)
    GPIOPinTypeUART                          0x00002ead   Thumb Code    28  gpio.o(i.GPIOPinTypeUART)
    GPIOPinWrite                             0x00002ec9   Thumb Code     6  gpio.o(i.GPIOPinWrite)
    SysCtlClockGet                           0x00002ed1   Thumb Code   304  sysctl.o(i.SysCtlClockGet)
    SysCtlPeripheralEnable                   0x00003025   Thumb Code    36  sysctl.o(i.SysCtlPeripheralEnable)
    SysCtlPeripheralReady                    0x0000304d   Thumb Code    40  sysctl.o(i.SysCtlPeripheralReady)
    UARTCharGet                              0x00003079   Thumb Code    12  uart.o(i.UARTCharGet)
    UARTCharPut                              0x00003085   Thumb Code    12  uart.o(i.UARTCharPut)
    UARTConfigSetExpClk                      0x00003091   Thumb Code   110  uart.o(i.UARTConfigSetExpClk)
    UARTDisable                              0x000030ff   Thumb Code    30  uart.o(i.UARTDisable)
    UARTEnable                               0x0000311d   Thumb Code    20  uart.o(i.UARTEnable)
    UARTFIFODisable                          0x00003131   Thumb Code    10  uart.o(i.UARTFIFODisable)
    _fp_init                                 0x0000313b   Thumb Code    26  fpinit.o(x$fpl$fpinit)
    __fplib_config_fpu_vfp                   0x00003153   Thumb Code     0  fpinit.o(x$fpl$fpinit)
    __fplib_config_pureend_doubles           0x00003153   Thumb Code     0  fpinit.o(x$fpl$fpinit)
    Region$$Table$$Base                      0x000033f8   Number         0  anon$$obj.o(Region$$Table)
    Region$$Table$$Limit                     0x00003418   Number         0  anon$$obj.o(Region$$Table)
    SystemCoreClock                          0x20000000   Data           4  system_tm4c123.o(.data.SystemCoreClock)
    cities                                   0x20000004   Data         100  main.o(.data.cities)
    timediff                                 0x20000068   Data          10  main.o(.data.timediff)
    __libspace_start                         0x20000078   Data          96  libspace.o(.bss)
    __temporary_stack_top$libspace           0x200000d8   Data           0  libspace.o(.bss)
    currentCity                              0x200000d8   Data           1  main.o(.bss.currentCity)
    oldCityName                              0x200000d9   Data          10  main.o(.bss.oldCityName)
    pxCurrentTCB                             0x200000ec   Data           4  tasks.o(.bss.pxCurrentTCB)
    xQueue1                                  0x20002204   Data           4  main.o(.bss.xQueue1)
    xQueue2                                  0x20002208   Data           4  main.o(.bss.xQueue2)



==============================================================================

Memory Map of the image

  Image Entry point : 0x00000315

  Load Region LR_1 (Base: 0x00000000, Size: 0x00003490, Max: 0xffffffff, ABSOLUTE)

    Execution Region ER_RO (Exec base: 0x00000000, Load base: 0x00000000, Size: 0x00003418, Max: 0xffffffff, ABSOLUTE)

    Exec Addr    Load Addr    Size         Type   Attr      Idx    E Section Name        Object

    0x00000000   0x00000000   0x0000026c   Data   RO           87    RESET               startup_tm4c123.o
    0x0000026c   0x0000026c   0x00000008   Code   RO         1631  * !!!main             c_w.l(__main.o)
    0x00000274   0x00000274   0x00000034   Code   RO         1800    !!!scatter          c_w.l(__scatter.o)
    0x000002a8   0x000002a8   0x0000001a   Code   RO         1802    !!handler_copy      c_w.l(__scatter_copy.o)
    0x000002c2   0x000002c2   0x00000002   PAD
    0x000002c4   0x000002c4   0x0000001c   Code   RO         1804    !!handler_zi        c_w.l(__scatter_zi.o)
    0x000002e0   0x000002e0   0x00000002   Code   RO         1664    .ARM.Collect$$libinit$$00000000  c_w.l(libinit.o)
    0x000002e2   0x000002e2   0x00000004   Code   RO         1670    .ARM.Collect$$libinit$$00000001  c_w.l(libinit2.o)
    0x000002e6   0x000002e6   0x00000000   Code   RO         1673    .ARM.Collect$$libinit$$00000004  c_w.l(libinit2.o)
    0x000002e6   0x000002e6   0x00000000   Code   RO         1676    .ARM.Collect$$libinit$$0000000A  c_w.l(libinit2.o)
    0x000002e6   0x000002e6   0x00000000   Code   RO         1678    .ARM.Collect$$libinit$$0000000C  c_w.l(libinit2.o)
    0x000002e6   0x000002e6   0x00000000   Code   RO         1680    .ARM.Collect$$libinit$$0000000E  c_w.l(libinit2.o)
    0x000002e6   0x000002e6   0x00000000   Code   RO         1683    .ARM.Collect$$libinit$$00000011  c_w.l(libinit2.o)
    0x000002e6   0x000002e6   0x00000000   Code   RO         1685    .ARM.Collect$$libinit$$00000013  c_w.l(libinit2.o)
    0x000002e6   0x000002e6   0x00000000   Code   RO         1687    .ARM.Collect$$libinit$$00000015  c_w.l(libinit2.o)
    0x000002e6   0x000002e6   0x00000000   Code   RO         1689    .ARM.Collect$$libinit$$00000017  c_w.l(libinit2.o)
    0x000002e6   0x000002e6   0x00000000   Code   RO         1691    .ARM.Collect$$libinit$$00000019  c_w.l(libinit2.o)
    0x000002e6   0x000002e6   0x00000000   Code   RO         1693    .ARM.Collect$$libinit$$0000001B  c_w.l(libinit2.o)
    0x000002e6   0x000002e6   0x00000000   Code   RO         1695    .ARM.Collect$$libinit$$0000001D  c_w.l(libinit2.o)
    0x000002e6   0x000002e6   0x00000000   Code   RO         1697    .ARM.Collect$$libinit$$0000001F  c_w.l(libinit2.o)
    0x000002e6   0x000002e6   0x00000000   Code   RO         1699    .ARM.Collect$$libinit$$00000021  c_w.l(libinit2.o)
    0x000002e6   0x000002e6   0x00000000   Code   RO         1701    .ARM.Collect$$libinit$$00000023  c_w.l(libinit2.o)
    0x000002e6   0x000002e6   0x00000000   Code   RO         1703    .ARM.Collect$$libinit$$00000025  c_w.l(libinit2.o)
    0x000002e6   0x000002e6   0x00000000   Code   RO         1707    .ARM.Collect$$libinit$$0000002C  c_w.l(libinit2.o)
    0x000002e6   0x000002e6   0x00000000   Code   RO         1709    .ARM.Collect$$libinit$$0000002E  c_w.l(libinit2.o)
    0x000002e6   0x000002e6   0x00000000   Code   RO         1711    .ARM.Collect$$libinit$$00000030  c_w.l(libinit2.o)
    0x000002e6   0x000002e6   0x00000000   Code   RO         1713    .ARM.Collect$$libinit$$00000032  c_w.l(libinit2.o)
    0x000002e6   0x000002e6   0x00000002   Code   RO         1714    .ARM.Collect$$libinit$$00000033  c_w.l(libinit2.o)
    0x000002e8   0x000002e8   0x00000002   Code   RO         1736    .ARM.Collect$$libshutdown$$00000000  c_w.l(libshutdown.o)
    0x000002ea   0x000002ea   0x00000000   Code   RO         1751    .ARM.Collect$$libshutdown$$00000002  c_w.l(libshutdown2.o)
    0x000002ea   0x000002ea   0x00000000   Code   RO         1753    .ARM.Collect$$libshutdown$$00000004  c_w.l(libshutdown2.o)
    0x000002ea   0x000002ea   0x00000000   Code   RO         1756    .ARM.Collect$$libshutdown$$00000007  c_w.l(libshutdown2.o)
    0x000002ea   0x000002ea   0x00000000   Code   RO         1759    .ARM.Collect$$libshutdown$$0000000A  c_w.l(libshutdown2.o)
    0x000002ea   0x000002ea   0x00000000   Code   RO         1761    .ARM.Collect$$libshutdown$$0000000C  c_w.l(libshutdown2.o)
    0x000002ea   0x000002ea   0x00000000   Code   RO         1764    .ARM.Collect$$libshutdown$$0000000F  c_w.l(libshutdown2.o)
    0x000002ea   0x000002ea   0x00000002   Code   RO         1765    .ARM.Collect$$libshutdown$$00000010  c_w.l(libshutdown2.o)
    0x000002ec   0x000002ec   0x00000000   Code   RO         1633    .ARM.Collect$$rtentry$$00000000  c_w.l(__rtentry.o)
    0x000002ec   0x000002ec   0x00000000   Code   RO         1641    .ARM.Collect$$rtentry$$00000002  c_w.l(__rtentry2.o)
    0x000002ec   0x000002ec   0x00000006   Code   RO         1653    .ARM.Collect$$rtentry$$00000004  c_w.l(__rtentry4.o)
    0x000002f2   0x000002f2   0x00000000   Code   RO         1643    .ARM.Collect$$rtentry$$00000009  c_w.l(__rtentry2.o)
    0x000002f2   0x000002f2   0x00000004   Code   RO         1644    .ARM.Collect$$rtentry$$0000000A  c_w.l(__rtentry2.o)
    0x000002f6   0x000002f6   0x00000000   Code   RO         1646    .ARM.Collect$$rtentry$$0000000C  c_w.l(__rtentry2.o)
    0x000002f6   0x000002f6   0x00000008   Code   RO         1647    .ARM.Collect$$rtentry$$0000000D  c_w.l(__rtentry2.o)
    0x000002fe   0x000002fe   0x00000002   Code   RO         1668    .ARM.Collect$$rtexit$$00000000  c_w.l(rtexit.o)
    0x00000300   0x00000300   0x00000000   Code   RO         1716    .ARM.Collect$$rtexit$$00000002  c_w.l(rtexit2.o)
    0x00000300   0x00000300   0x00000004   Code   RO         1717    .ARM.Collect$$rtexit$$00000003  c_w.l(rtexit2.o)
    0x00000304   0x00000304   0x00000006   Code   RO         1718    .ARM.Collect$$rtexit$$00000004  c_w.l(rtexit2.o)
    0x0000030a   0x0000030a   0x00000002   PAD
    0x0000030c   0x0000030c   0x00000006   Code   RO          844    .emb_text           driverlib.lib(sysctl.o)
    0x00000312   0x00000312   0x00000002   PAD
    0x00000314   0x00000314   0x00000114   Code   RO           88  * .text               startup_tm4c123.o
    0x00000428   0x00000428   0x00000048   Code   RO         1615    .text               c_w.l(strcpy.o)
    0x00000470   0x00000470   0x0000003e   Code   RO         1617    .text               c_w.l(strlen.o)
    0x000004ae   0x000004ae   0x00000018   Code   RO         1619    .text               c_w.l(strcat.o)
    0x000004c6   0x000004c6   0x0000008a   Code   RO         1621    .text               c_w.l(rt_memcpy_v6.o)
    0x00000550   0x00000550   0x00000010   Code   RO         1625    .text               c_w.l(aeabi_memset4.o)
    0x00000560   0x00000560   0x0000007c   Code   RO         1627    .text               c_w.l(strcmpv7em.o)
    0x000005dc   0x000005dc   0x00000006   Code   RO         1629    .text               c_w.l(heapauxi.o)
    0x000005e2   0x000005e2   0x00000064   Code   RO         1634    .text               c_w.l(rt_memcpy_w.o)
    0x00000646   0x00000646   0x0000004e   Code   RO         1638    .text               c_w.l(rt_memclr_w.o)
    0x00000694   0x00000694   0x0000004a   Code   RO         1655    .text               c_w.l(sys_stackheap_outer.o)
    0x000006de   0x000006de   0x00000012   Code   RO         1657    .text               c_w.l(exit.o)
    0x000006f0   0x000006f0   0x00000008   Code   RO         1665    .text               c_w.l(libspace.o)
    0x000006f8   0x000006f8   0x0000000c   Code   RO         1726    .text               c_w.l(sys_exit.o)
    0x00000704   0x00000704   0x00000002   Code   RO         1741    .text               c_w.l(use_no_semi.o)
    0x00000706   0x00000706   0x00000000   Code   RO         1743    .text               c_w.l(indicate_semi.o)
    0x00000706   0x00000706   0x00000002   PAD
    0x00000708   0x00000708   0x00000012   Code   RO            4    .text.InitTask      main.o
    0x0000071a   0x0000071a   0x00000002   PAD
    0x0000071c   0x0000071c   0x00000010   Code   RO           64    .text.LCD_Clear     lcd.o
    0x0000072c   0x0000072c   0x00000080   Code   RO           62    .text.LCD_Command   lcd.o
    0x000007ac   0x000007ac   0x0000001c   Code   RO           68    .text.LCD_Cursor    lcd.o
    0x000007c8   0x000007c8   0x00000030   Code   RO           76    .text.LCD_PrintLn   lcd.o
    0x000007f8   0x000007f8   0x0000007e   Code   RO           66    .text.LCD_Show      lcd.o
    0x00000876   0x00000876   0x00000002   PAD
    0x00000878   0x00000878   0x000000ec   Code   RO           60    .text.LCD_init      lcd.o
    0x00000964   0x00000964   0x0000000c   PAD
    0x00000970   0x00000970   0x00000064   Code   RO          150    .text.PendSV_Handler  port.o
    0x000009d4   0x000009d4   0x000000a0   Code   RO           18    .text.Read_Time     main.o
    0x00000a74   0x00000a74   0x0000000c   PAD
    0x00000a80   0x00000a80   0x00000024   Code   RO          134    .text.SVC_Handler   port.o
    0x00000aa4   0x00000aa4   0x0000002e   Code   RO          152    .text.SysTick_Handler  port.o
    0x00000ad2   0x00000ad2   0x00000002   PAD
    0x00000ad4   0x00000ad4   0x00000070   Code   RO           99    .text.SystemInit    system_tm4c123.o
    0x00000b44   0x00000b44   0x00000076   Code   RO            8    .text.TASK1         main.o
    0x00000bba   0x00000bba   0x00000002   PAD
    0x00000bbc   0x00000bbc   0x000000f4   Code   RO           10    .text.TASK2         main.o
    0x00000cb0   0x00000cb0   0x0000006a   Code   RO           20    .text.UART_Init     main.o
    0x00000d1a   0x00000d1a   0x00000002   PAD
    0x00000d1c   0x00000d1c   0x0000019c   Code   RO            6    .text.UART_TASK     main.o
    0x00000eb8   0x00000eb8   0x0000003c   Code   RO          373    .text.eTaskConfirmSleepModeStatus  tasks.o
    0x00000ef4   0x00000ef4   0x0000004a   Code   RO           12    .text.itoa          main.o
    0x00000f3e   0x00000f3e   0x00000002   PAD
    0x00000f40   0x00000f40   0x000000ac   Code   RO            2    .text.main          main.o
    0x00000fec   0x00000fec   0x00000026   Code   RO           16    .text.printStringUART  main.o
    0x00001012   0x00001012   0x00000002   PAD
    0x00001014   0x00001014   0x000000aa   Code   RO          295    .text.prvAddCurrentTaskToDelayedList  tasks.o
    0x000010be   0x000010be   0x00000002   PAD
    0x000010c0   0x000010c0   0x000000ae   Code   RO          283    .text.prvAddNewTaskToReadyList  tasks.o
    0x0000116e   0x0000116e   0x00000002   PAD
    0x00001170   0x00001170   0x0000005a   Code   RO          448    .text.prvCheckForValidListAndQueue  timers.o
    0x000011ca   0x000011ca   0x00000002   PAD
    0x000011cc   0x000011cc   0x0000004e   Code   RO          413    .text.prvCheckTasksWaitingTermination  tasks.o
    0x0000121a   0x0000121a   0x00000002   PAD
    0x0000121c   0x0000121c   0x00000026   Code   RO          229    .text.prvCopyDataFromQueue  queue.o
    0x00001242   0x00001242   0x00000002   PAD
    0x00001244   0x00001244   0x0000007a   Code   RO          215    .text.prvCopyDataToQueue  queue.o
    0x000012be   0x000012be   0x00000002   PAD
    0x000012c0   0x000012c0   0x00000012   Code   RO          287    .text.prvDeleteTCB  tasks.o
    0x000012d2   0x000012d2   0x00000002   PAD
    0x000012d4   0x000012d4   0x00000044   Code   RO          415    .text.prvGetExpectedIdleTime  tasks.o
    0x00001318   0x00001318   0x00000020   Code   RO          484    .text.prvGetNextExpireTime  timers.o
    0x00001338   0x00001338   0x00000072   Code   RO          321    .text.prvIdleTask   tasks.o
    0x000013aa   0x000013aa   0x00000002   PAD
    0x000013ac   0x000013ac   0x00000024   Code   RO          195    .text.prvInitialiseNewQueue  queue.o
    0x000013d0   0x000013d0   0x0000009c   Code   RO          281    .text.prvInitialiseNewTask  tasks.o
    0x0000146c   0x0000146c   0x0000006e   Code   RO          411    .text.prvInitialiseTaskLists  tasks.o
    0x000014da   0x000014da   0x00000002   PAD
    0x000014dc   0x000014dc   0x00000040   Code   RO          496    .text.prvInsertTimerInActiveList  timers.o
    0x0000151c   0x0000151c   0x00000018   Code   RO          231    .text.prvIsQueueEmpty  queue.o
    0x00001534   0x00001534   0x0000001c   Code   RO          219    .text.prvIsQueueFull  queue.o
    0x00001550   0x00001550   0x00000076   Code   RO          217    .text.prvNotifyQueueSetContainer  queue.o
    0x000015c6   0x000015c6   0x00000002   PAD
    0x000015c8   0x000015c8   0x00000028   Code   RO          142    .text.prvPortStartFirstTask  port.o
    0x000015f0   0x000015f0   0x0000006e   Code   RO          492    .text.prvProcessExpiredTimer  timers.o
    0x0000165e   0x0000165e   0x00000002   PAD
    0x00001660   0x00001660   0x00000122   Code   RO          488    .text.prvProcessReceivedCommands  timers.o
    0x00001782   0x00001782   0x00000002   PAD
    0x00001784   0x00001784   0x00000080   Code   RO          486    .text.prvProcessTimerOrBlockTask  timers.o
    0x00001804   0x00001804   0x00000028   Code   RO          289    .text.prvResetNextTaskUnblockTime  tasks.o
    0x0000182c   0x0000182c   0x0000002a   Code   RO          490    .text.prvSampleTimeNow  timers.o
    0x00001856   0x00001856   0x00000002   PAD
    0x00001858   0x00001858   0x0000008e   Code   RO          494    .text.prvSwitchTimerLists  timers.o
    0x000018e6   0x000018e6   0x00000002   PAD
    0x000018e8   0x000018e8   0x00000032   Code   RO          132    .text.prvTaskExitError  port.o
    0x0000191a   0x0000191a   0x00000002   PAD
    0x0000191c   0x0000191c   0x00000016   Code   RO          450    .text.prvTimerTask  timers.o
    0x00001932   0x00001932   0x00000002   PAD
    0x00001934   0x00001934   0x00000086   Code   RO          221    .text.prvUnlockQueue  queue.o
    0x000019ba   0x000019ba   0x00000002   PAD
    0x000019bc   0x000019bc   0x0000005a   Code   RO          172    .text.pvPortMalloc  heap_1.o
    0x00001a16   0x00001a16   0x00000002   PAD
    0x00001a18   0x00001a18   0x00000028   Code   RO          130    .text.pxPortInitialiseStack  port.o
    0x00001a40   0x00001a40   0x00000026   Code   RO           14    .text.reverse       main.o
    0x00001a66   0x00001a66   0x00000002   PAD
    0x00001a68   0x00001a68   0x00000024   Code   RO          120    .text.uxListRemove  list.o
    0x00001a8c   0x00001a8c   0x00000016   Code   RO          112    .text.vListInitialise  list.o
    0x00001aa2   0x00001aa2   0x00000002   PAD
    0x00001aa4   0x00001aa4   0x00000006   Code   RO          114    .text.vListInitialiseItem  list.o
    0x00001aaa   0x00001aaa   0x00000002   PAD
    0x00001aac   0x00001aac   0x0000003a   Code   RO          118    .text.vListInsert   list.o
    0x00001ae6   0x00001ae6   0x00000002   PAD
    0x00001ae8   0x00001ae8   0x0000001c   Code   RO          116    .text.vListInsertEnd  list.o
    0x00001b04   0x00001b04   0x00000014   Code   RO          140    .text.vPortEnableVFP  port.o
    0x00001b18   0x00001b18   0x00000046   Code   RO          146    .text.vPortEnterCritical  port.o
    0x00001b5e   0x00001b5e   0x00000002   PAD
    0x00001b60   0x00001b60   0x0000002e   Code   RO          148    .text.vPortExitCritical  port.o
    0x00001b8e   0x00001b8e   0x00000002   PAD
    0x00001b90   0x00001b90   0x0000001a   Code   RO          174    .text.vPortFree     heap_1.o
    0x00001baa   0x00001baa   0x00000002   PAD
    0x00001bac   0x00001bac   0x00000064   Code   RO          138    .text.vPortSetupTimerInterrupt  port.o
    0x00001c10   0x00001c10   0x00000114   Code   RO          154    .text.vPortSuppressTicksAndSleep  port.o
    0x00001d24   0x00001d24   0x00000062   Code   RO          156    .text.vPortValidateInterruptPriority  port.o
    0x00001d86   0x00001d86   0x00000002   PAD
    0x00001d88   0x00001d88   0x00000044   Code   RO          259    .text.vQueueWaitForMessageRestricted  queue.o
    0x00001dcc   0x00001dcc   0x00000054   Code   RO          299    .text.vTaskDelay    tasks.o
    0x00001e20   0x00001e20   0x0000001a   Code   RO          363    .text.vTaskInternalSetTimeOutState  tasks.o
    0x00001e3a   0x00001e3a   0x00000002   PAD
    0x00001e3c   0x00001e3c   0x0000000e   Code   RO          367    .text.vTaskMissedYield  tasks.o
    0x00001e4a   0x00001e4a   0x00000002   PAD
    0x00001e4c   0x00001e4c   0x00000032   Code   RO          351    .text.vTaskPlaceOnEventList  tasks.o
    0x00001e7e   0x00001e7e   0x00000002   PAD
    0x00001e80   0x00001e80   0x0000003e   Code   RO          355    .text.vTaskPlaceOnEventListRestricted  tasks.o
    0x00001ebe   0x00001ebe   0x00000002   PAD
    0x00001ec0   0x00001ec0   0x00000094   Code   RO          319    .text.vTaskStartScheduler  tasks.o
    0x00001f54   0x00001f54   0x00000036   Code   RO          345    .text.vTaskStepTick  tasks.o
    0x00001f8a   0x00001f8a   0x00000002   PAD
    0x00001f8c   0x00001f8c   0x000000f8   Code   RO          309    .text.vTaskSuspend  tasks.o
    0x00002084   0x00002084   0x00000010   Code   RO          293    .text.vTaskSuspendAll  tasks.o
    0x00002094   0x00002094   0x00000086   Code   RO          311    .text.vTaskSwitchContext  tasks.o
    0x0000211a   0x0000211a   0x00000002   PAD
    0x0000211c   0x0000211c   0x00000112   Code   RO          136    .text.xPortStartScheduler  port.o
    0x0000222e   0x0000222e   0x00000002   PAD
    0x00002230   0x00002230   0x00000042   Code   RO          193    .text.xQueueGenericCreate  queue.o
    0x00002272   0x00002272   0x00000002   PAD
    0x00002274   0x00002274   0x0000007e   Code   RO          191    .text.xQueueGenericReset  queue.o
    0x000022f2   0x000022f2   0x00000002   PAD
    0x000022f4   0x000022f4   0x000001d0   Code   RO          207    .text.xQueueGenericSend  queue.o
    0x000024c4   0x000024c4   0x0000011a   Code   RO          223    .text.xQueueGenericSendFromISR  queue.o
    0x000025de   0x000025de   0x00000002   PAD
    0x000025e0   0x000025e0   0x00000184   Code   RO          227    .text.xQueueReceive  queue.o
    0x00002764   0x00002764   0x000000a2   Code   RO          365    .text.xTaskCheckForTimeOut  tasks.o
    0x00002806   0x00002806   0x00000002   PAD
    0x00002808   0x00002808   0x00000060   Code   RO          279    .text.xTaskCreate   tasks.o
    0x00002868   0x00002868   0x00000026   Code   RO          385    .text.xTaskGetSchedulerState  tasks.o
    0x0000288e   0x0000288e   0x00000002   PAD
    0x00002890   0x00002890   0x0000000c   Code   RO          327    .text.xTaskGetTickCount  tasks.o
    0x0000289c   0x0000289c   0x00000164   Code   RO          325    .text.xTaskIncrementTick  tasks.o
    0x00002a00   0x00002a00   0x000000b2   Code   RO          389    .text.xTaskPriorityDisinherit  tasks.o
    0x00002ab2   0x00002ab2   0x00000002   PAD
    0x00002ab4   0x00002ab4   0x0000009c   Code   RO          357    .text.xTaskRemoveFromEventList  tasks.o
    0x00002b50   0x00002b50   0x00000118   Code   RO          297    .text.xTaskResumeAll  tasks.o
    0x00002c68   0x00002c68   0x00000060   Code   RO          446    .text.xTimerCreateTimerTask  timers.o
    0x00002cc8   0x00002cc8   0x00000068   Code   RO          456    .text.xTimerGenericCommand  timers.o
    0x00002d30   0x00002d30   0x00000028   Code   RO          517    i.GPIODirModeSet    driverlib.lib(gpio.o)
    0x00002d58   0x00002d58   0x00000138   Code   RO          529    i.GPIOPadConfigSet  driverlib.lib(gpio.o)
    0x00002e90   0x00002e90   0x0000001c   Code   RO          541    i.GPIOPinTypeGPIOOutput  driverlib.lib(gpio.o)
    0x00002eac   0x00002eac   0x0000001c   Code   RO          553    i.GPIOPinTypeUART   driverlib.lib(gpio.o)
    0x00002ec8   0x00002ec8   0x00000006   Code   RO          559    i.GPIOPinWrite      driverlib.lib(gpio.o)
    0x00002ece   0x00002ece   0x00000002   PAD
    0x00002ed0   0x00002ed0   0x00000154   Code   RO          847    i.SysCtlClockGet    driverlib.lib(sysctl.o)
    0x00003024   0x00003024   0x00000028   Code   RO          878    i.SysCtlPeripheralEnable  driverlib.lib(sysctl.o)
    0x0000304c   0x0000304c   0x0000002c   Code   RO          882    i.SysCtlPeripheralReady  driverlib.lib(sysctl.o)
    0x00003078   0x00003078   0x0000000c   Code   RO         1204    i.UARTCharGet       driverlib.lib(uart.o)
    0x00003084   0x00003084   0x0000000c   Code   RO         1206    i.UARTCharPut       driverlib.lib(uart.o)
    0x00003090   0x00003090   0x0000006e   Code   RO         1212    i.UARTConfigSetExpClk  driverlib.lib(uart.o)
    0x000030fe   0x000030fe   0x0000001e   Code   RO         1215    i.UARTDisable       driverlib.lib(uart.o)
    0x0000311c   0x0000311c   0x00000014   Code   RO         1217    i.UARTEnable        driverlib.lib(uart.o)
    0x00003130   0x00003130   0x0000000a   Code   RO         1219    i.UARTFIFODisable   driverlib.lib(uart.o)
    0x0000313a   0x0000313a   0x0000001a   Code   RO         1724    x$fpl$fpinit        fz_wm.l(fpinit.o)
    0x00003154   0x00003154   0x00000254   Data   RO          900    .constdata          driverlib.lib(sysctl.o)
    0x000033a8   0x000033a8   0x0000004d   Data   RO           27    .rodata.str1.1      main.o
    0x000033f5   0x000033f5   0x00000003   PAD
    0x000033f8   0x000033f8   0x00000020   Data   RO         1799    Region$$Table       anon$$obj.o


    Execution Region ER_RW (Exec base: 0x20000000, Load base: 0x00003418, Size: 0x00000078, Max: 0xffffffff, ABSOLUTE)

    Exec Addr    Load Addr    Size         Type   Attr      Idx    E Section Name        Object

    0x20000000   0x00003418   0x00000004   Data   RW          101    .data.SystemCoreClock  system_tm4c123.o
    0x20000004   0x0000341c   0x00000064   Data   RW           22    .data.cities        main.o
    0x20000068   0x00003480   0x0000000a   Data   RW           23    .data.timediff      main.o
    0x20000072   0x0000348a   0x00000002   PAD
    0x20000074   0x0000348c   0x00000004   Data   RW          160    .data.uxCriticalNesting  port.o


    Execution Region ER_ZI (Exec base: 0x20000078, Load base: 0x00003490, Size: 0x000023d0, Max: 0xffffffff, ABSOLUTE)

    Exec Addr    Load Addr    Size         Type   Attr      Idx    E Section Name        Object

    0x20000078        -       0x00000060   Zero   RW         1666    .bss                c_w.l(libspace.o)
    0x200000d8        -       0x00000001   Zero   RW           24    .bss.currentCity    main.o
    0x200000d9        -       0x0000000a   Zero   RW           28    .bss.oldCityName    main.o
    0x200000e3   0x00003490   0x00000001   PAD
    0x200000e4        -       0x00000004   Zero   RW          502    .bss.prvSampleTimeNow.xLastTime  timers.o
    0x200000e8        -       0x00000004   Zero   RW          180    .bss.pvPortMalloc.pucAlignedHeap  heap_1.o
    0x200000ec        -       0x00000004   Zero   RW          417    .bss.pxCurrentTCB   tasks.o
    0x200000f0        -       0x00000004   Zero   RW          500    .bss.pxCurrentTimerList  timers.o
    0x200000f4        -       0x00000004   Zero   RW          427    .bss.pxDelayedTaskList  tasks.o
    0x200000f8        -       0x00000004   Zero   RW          428    .bss.pxOverflowDelayedTaskList  tasks.o
    0x200000fc        -       0x00000004   Zero   RW          501    .bss.pxOverflowTimerList  timers.o
    0x20000100        -       0x00000064   Zero   RW          418    .bss.pxReadyTasksLists  tasks.o
    0x20000164        -       0x00002000   Zero   RW          181    .bss.ucHeap         heap_1.o
    0x20002164        -       0x00000001   Zero   RW          158    .bss.ucMaxSysCallPriority  port.o
    0x20002165   0x00003490   0x00000003   PAD
    0x20002168        -       0x00000004   Zero   RW          159    .bss.ulMaxPRIGROUPValue  port.o
    0x2000216c        -       0x00000001   Zero   RW          163    .bss.ulStoppedTimerCompensation  port.o
    0x2000216d   0x00003490   0x00000003   PAD
    0x20002170        -       0x00000004   Zero   RW          162    .bss.ulTimerCountsForOneTick  port.o
    0x20002174        -       0x00000004   Zero   RW          423    .bss.uxCurrentNumberOfTasks  tasks.o
    0x20002178        -       0x00000004   Zero   RW          422    .bss.uxDeletedTasksWaitingCleanUp  tasks.o
    0x2000217c        -       0x00000004   Zero   RW          425    .bss.uxSchedulerSuspended  tasks.o
    0x20002180        -       0x00000004   Zero   RW          420    .bss.uxTaskNumber   tasks.o
    0x20002184        -       0x00000004   Zero   RW          419    .bss.uxTopReadyPriority  tasks.o
    0x20002188        -       0x00000014   Zero   RW          503    .bss.xActiveTimerList1  timers.o
    0x2000219c        -       0x00000014   Zero   RW          504    .bss.xActiveTimerList2  timers.o
    0x200021b0        -       0x00000014   Zero   RW          436    .bss.xDelayedTaskList1  tasks.o
    0x200021c4        -       0x00000014   Zero   RW          437    .bss.xDelayedTaskList2  tasks.o
    0x200021d8        -       0x00000004   Zero   RW          431    .bss.xIdleTaskHandle  tasks.o
    0x200021dc        -       0x00000004   Zero   RW          161    .bss.xMaximumPossibleSuppressedTicks  port.o
    0x200021e0        -       0x00000004   Zero   RW          182    .bss.xNextFreeByte  heap_1.o
    0x200021e4        -       0x00000004   Zero   RW          432    .bss.xNextTaskUnblockTime  tasks.o
    0x200021e8        -       0x00000004   Zero   RW          435    .bss.xNumOfOverflows  tasks.o
    0x200021ec        -       0x00000004   Zero   RW          434    .bss.xPendedTicks   tasks.o
    0x200021f0        -       0x00000014   Zero   RW          430    .bss.xPendingReadyList  tasks.o
    0x20002204        -       0x00000004   Zero   RW           25    .bss.xQueue1        main.o
    0x20002208        -       0x00000004   Zero   RW           26    .bss.xQueue2        main.o
    0x2000220c        -       0x00000004   Zero   RW          424    .bss.xSchedulerRunning  tasks.o
    0x20002210        -       0x00000014   Zero   RW          429    .bss.xSuspendedTaskList  tasks.o
    0x20002224        -       0x00000014   Zero   RW          421    .bss.xTasksWaitingTermination  tasks.o
    0x20002238        -       0x00000004   Zero   RW          426    .bss.xTickCount     tasks.o
    0x2000223c        -       0x00000004   Zero   RW          498    .bss.xTimerQueue    timers.o
    0x20002240        -       0x00000004   Zero   RW          499    .bss.xTimerTaskHandle  timers.o
    0x20002244        -       0x00000004   Zero   RW          433    .bss.xYieldPending  tasks.o
    0x20002248        -       0x00000000   Zero   RW           86    HEAP                startup_tm4c123.o
    0x20002248        -       0x00000200   Zero   RW           85    STACK               startup_tm4c123.o


==============================================================================

Image component sizes


      Code (inc. data)   RO Data    RW Data    ZI Data      Debug   Object Name

       116          0          0          0       8200       1741   heap_1.o
       582          0          0          0          0       2809   lcd.o
       150          0          0          0          0       2325   list.o
      1380        200         77        110         19       3757   main.o
      1196         16          0          4         14       4999   port.o
      1894          0          0          0          0      22074   queue.o
       276         24        620          0        512       5468   startup_tm4c123.o
       112          0          0          4          0       6512   system_tm4c123.o
      3102          8          0          0        260      31425   tasks.o
      1120         18          0          0         60      12579   timers.o

    ----------------------------------------------------------------------
     10044        278        732        120       9072      93689   Object Totals
         0          0         32          0          0          0   (incl. Generated)
       116         12          3          2          7          0   (incl. Padding)

    ----------------------------------------------------------------------

      Code (inc. data)   RO Data    RW Data    ZI Data      Debug   Library Member Name

         8          0          0          0          0         68   __main.o
         0          0          0          0          0          0   __rtentry.o
        12          0          0          0          0          0   __rtentry2.o
         6          0          0          0          0          0   __rtentry4.o
        52          8          0          0          0          0   __scatter.o
        26          0          0          0          0          0   __scatter_copy.o
        28          0          0          0          0          0   __scatter_zi.o
        16          0          0          0          0         68   aeabi_memset4.o
        18          0          0          0          0         80   exit.o
         6          0          0          0          0        152   heapauxi.o
         0          0          0          0          0          0   indicate_semi.o
         2          0          0          0          0          0   libinit.o
         6          0          0          0          0          0   libinit2.o
         2          0          0          0          0          0   libshutdown.o
         2          0          0          0          0          0   libshutdown2.o
         8          4          0          0         96         68   libspace.o
        78          0          0          0          0         80   rt_memclr_w.o
       138          0          0          0          0         68   rt_memcpy_v6.o
       100          0          0          0          0         80   rt_memcpy_w.o
         2          0          0          0          0          0   rtexit.o
        10          0          0          0          0          0   rtexit2.o
        24          0          0          0          0         68   strcat.o
       124          0          0          0          0         88   strcmpv7em.o
        72          0          0          0          0         80   strcpy.o
        62          0          0          0          0         76   strlen.o
        12          4          0          0          0         68   sys_exit.o
        74          0          0          0          0         80   sys_stackheap_outer.o
         2          0          0          0          0         68   use_no_semi.o
       414          0          0          0          0       8289   gpio.o
       430         44        596          0          0       4054   sysctl.o
       194          0          0          0          0       3873   uart.o
        26          0          0          0          0        116   fpinit.o

    ----------------------------------------------------------------------
      1964         60        596          0         96      17524   Library Totals
        10          0          0          0          0          0   (incl. Padding)

    ----------------------------------------------------------------------

      Code (inc. data)   RO Data    RW Data    ZI Data      Debug   Library Name

       890         16          0          0         96       1192   c_w.l
      1038         44        596          0          0      16216   driverlib.lib
        26          0          0          0          0        116   fz_wm.l

    ----------------------------------------------------------------------
      1964         60        596          0         96      17524   Library Totals

    ----------------------------------------------------------------------

==============================================================================


      Code (inc. data)   RO Data    RW Data    ZI Data      Debug   

     12008        338       1328        120       9168     109413   Grand Totals
     12008        338       1328        120       9168     109413   ELF Image Totals
     12008        338       1328        120          0          0   ROM Totals

==============================================================================

    Total RO  Size (Code + RO Data)                13336 (  13.02kB)
    Total RW  Size (RW Data + ZI Data)              9288 (   9.07kB)
    Total ROM Size (Code + RO Data + RW Data)      13456 (  13.14kB)

==============================================================================

